Aug 21 00:51:17 ip-172-31-32-215 kernel: imklog 5.8.10, log source = /proc/kmsg started.
Aug 21 00:51:17 ip-172-31-32-215 rsyslogd: [origin software="rsyslogd" swVersion="5.8.10" x-pid="2231" x-info="http://www.rsyslog.com"] start
Aug 21 00:51:17 ip-172-31-32-215 kernel: [    0.000000] Linux version 4.9.38-16.35.amzn1.x86_64 (mockbuild@gobi-build-60006) (gcc version 4.8.3 20140911 (Red Hat 4.8.3-9) (GCC) ) #1 SMP Sat Aug 5 01:39:35 UTC 2017
Aug 21 00:51:17 ip-172-31-32-215 kernel: [    0.000000] Command line: root=LABEL=/ console=tty1 console=ttyS0 selinux=0
Aug 21 00:51:17 ip-172-31-32-215 kernel: [    0.000000] x86/fpu: Supporting XSAVE feature 0x001: 'x87 floating point registers'
Aug 21 00:51:17 ip-172-31-32-215 kernel: [    0.000000] x86/fpu: Supporting XSAVE feature 0x002: 'SSE registers'
Aug 21 00:51:17 ip-172-31-32-215 kernel: [    0.000000] x86/fpu: Supporting XSAVE feature 0x004: 'AVX registers'
Aug 21 00:51:17 ip-172-31-32-215 kernel: [    0.000000] x86/fpu: xstate_offset[2]:  576, xstate_sizes[2]:  256
Aug 21 00:51:17 ip-172-31-32-215 kernel: [    0.000000] x86/fpu: Enabled xstate features 0x7, context size is 832 bytes, using 'standard' format.
Aug 21 00:51:17 ip-172-31-32-215 kernel: [    0.000000] x86/fpu: Using 'eager' FPU context switches.
Aug 21 00:51:17 ip-172-31-32-215 kernel: [    0.000000] e820: BIOS-provided physical RAM map:
Aug 21 00:51:17 ip-172-31-32-215 kernel: [    0.000000] BIOS-e820: [mem 0x0000000000000000-0x000000000009dfff] usable
Aug 21 00:51:17 ip-172-31-32-215 kernel: [    0.000000] BIOS-e820: [mem 0x000000000009e000-0x000000000009ffff] reserved
Aug 21 00:51:17 ip-172-31-32-215 kernel: [    0.000000] BIOS-e820: [mem 0x00000000000e0000-0x00000000000fffff] reserved
Aug 21 00:51:17 ip-172-31-32-215 kernel: [    0.000000] BIOS-e820: [mem 0x0000000000100000-0x000000003fffffff] usable
Aug 21 00:51:17 ip-172-31-32-215 kernel: [    0.000000] BIOS-e820: [mem 0x00000000fc000000-0x00000000ffffffff] reserved
Aug 21 00:51:17 ip-172-31-32-215 kernel: [    0.000000] NX (Execute Disable) protection: active
Aug 21 00:51:17 ip-172-31-32-215 kernel: [    0.000000] SMBIOS 2.4 present.
Aug 21 00:51:17 ip-172-31-32-215 kernel: [    0.000000] Hypervisor detected: Xen
Aug 21 00:51:17 ip-172-31-32-215 kernel: [    0.000000] Xen version 4.2.
Aug 21 00:51:17 ip-172-31-32-215 kernel: [    0.000000] Netfront and the Xen platform PCI driver have been compiled for this kernel: unplug emulated NICs.
Aug 21 00:51:17 ip-172-31-32-215 kernel: [    0.000000] Blkfront and the Xen platform PCI driver have been compiled for this kernel: unplug emulated disks.
Aug 21 00:51:17 ip-172-31-32-215 kernel: [    0.000000] You might have to change the root device
Aug 21 00:51:17 ip-172-31-32-215 kernel: [    0.000000] from /dev/hd[a-d] to /dev/xvd[a-d]
Aug 21 00:51:17 ip-172-31-32-215 kernel: [    0.000000] in your root= kernel command line option
Aug 21 00:51:17 ip-172-31-32-215 kernel: [    0.000000] e820: last_pfn = 0x40000 max_arch_pfn = 0x400000000
Aug 21 00:51:17 ip-172-31-32-215 kernel: [    0.000000] x86/PAT: Configuration [0-7]: WB  WC  UC- UC  WB  WC  UC- WT  
Aug 21 00:51:17 ip-172-31-32-215 kernel: [    0.000000] found SMP MP-table at [mem 0x000fbc20-0x000fbc2f] mapped at [ffff8800000fbc20]
Aug 21 00:51:17 ip-172-31-32-215 kernel: [    0.000000] RAMDISK: [mem 0x3721c000-0x37feffff]
Aug 21 00:51:17 ip-172-31-32-215 kernel: [    0.000000] ACPI: Early table checksum verification disabled
Aug 21 00:51:17 ip-172-31-32-215 kernel: [    0.000000] ACPI: RSDP 0x00000000000EA020 000024 (v02 Xen   )
Aug 21 00:51:17 ip-172-31-32-215 kernel: [    0.000000] ACPI: XSDT 0x00000000FC00DDC0 000054 (v01 Xen    HVM      00000000 HVML 00000000)
Aug 21 00:51:17 ip-172-31-32-215 kernel: [    0.000000] ACPI: FACP 0x00000000FC00DA80 0000F4 (v04 Xen    HVM      00000000 HVML 00000000)
Aug 21 00:51:17 ip-172-31-32-215 kernel: [    0.000000] ACPI: DSDT 0x00000000FC001CE0 00BD19 (v02 Xen    HVM      00000000 INTL 20090123)
Aug 21 00:51:17 ip-172-31-32-215 kernel: [    0.000000] ACPI: FACS 0x00000000FC001CA0 000040
Aug 21 00:51:17 ip-172-31-32-215 kernel: [    0.000000] ACPI: FACS 0x00000000FC001CA0 000040
Aug 21 00:51:17 ip-172-31-32-215 kernel: [    0.000000] ACPI: APIC 0x00000000FC00DB80 0000D8 (v02 Xen    HVM      00000000 HVML 00000000)
Aug 21 00:51:17 ip-172-31-32-215 kernel: [    0.000000] ACPI: HPET 0x00000000FC00DCD0 000038 (v01 Xen    HVM      00000000 HVML 00000000)
Aug 21 00:51:17 ip-172-31-32-215 kernel: [    0.000000] ACPI: WAET 0x00000000FC00DD10 000028 (v01 Xen    HVM      00000000 HVML 00000000)
Aug 21 00:51:17 ip-172-31-32-215 kernel: [    0.000000] ACPI: SSDT 0x00000000FC00DD40 000031 (v02 Xen    HVM      00000000 INTL 20090123)
Aug 21 00:51:17 ip-172-31-32-215 kernel: [    0.000000] ACPI: SSDT 0x00000000FC00DD80 000031 (v02 Xen    HVM      00000000 INTL 20090123)
Aug 21 00:51:17 ip-172-31-32-215 kernel: [    0.000000] No NUMA configuration found
Aug 21 00:51:17 ip-172-31-32-215 kernel: [    0.000000] Faking a node at [mem 0x0000000000000000-0x000000003fffffff]
Aug 21 00:51:17 ip-172-31-32-215 kernel: [    0.000000] NODE_DATA(0) allocated [mem 0x3ffde000-0x3fffffff]
Aug 21 00:51:17 ip-172-31-32-215 kernel: [    0.000000] Zone ranges:
Aug 21 00:51:17 ip-172-31-32-215 kernel: [    0.000000]   DMA      [mem 0x0000000000001000-0x0000000000ffffff]
Aug 21 00:51:17 ip-172-31-32-215 kernel: [    0.000000]   DMA32    [mem 0x0000000001000000-0x000000003fffffff]
Aug 21 00:51:17 ip-172-31-32-215 kernel: [    0.000000]   Normal   empty
Aug 21 00:51:17 ip-172-31-32-215 kernel: [    0.000000] Movable zone start for each node
Aug 21 00:51:17 ip-172-31-32-215 kernel: [    0.000000] Early memory node ranges
Aug 21 00:51:17 ip-172-31-32-215 kernel: [    0.000000]   node   0: [mem 0x0000000000001000-0x000000000009dfff]
Aug 21 00:51:17 ip-172-31-32-215 kernel: [    0.000000]   node   0: [mem 0x0000000000100000-0x000000003fffffff]
Aug 21 00:51:17 ip-172-31-32-215 kernel: [    0.000000] Initmem setup node 0 [mem 0x0000000000001000-0x000000003fffffff]
Aug 21 00:51:17 ip-172-31-32-215 kernel: [    0.000000] ACPI: PM-Timer IO Port: 0xb008
Aug 21 00:51:17 ip-172-31-32-215 kernel: [    0.000000] IOAPIC[0]: apic_id 1, version 17, address 0xfec00000, GSI 0-47
Aug 21 00:51:17 ip-172-31-32-215 kernel: [    0.000000] ACPI: INT_SRC_OVR (bus 0 bus_irq 0 global_irq 2 dfl dfl)
Aug 21 00:51:17 ip-172-31-32-215 kernel: [    0.000000] ACPI: INT_SRC_OVR (bus 0 bus_irq 5 global_irq 5 low level)
Aug 21 00:51:17 ip-172-31-32-215 kernel: [    0.000000] ACPI: INT_SRC_OVR (bus 0 bus_irq 10 global_irq 10 low level)
Aug 21 00:51:17 ip-172-31-32-215 kernel: [    0.000000] ACPI: INT_SRC_OVR (bus 0 bus_irq 11 global_irq 11 low level)
Aug 21 00:51:17 ip-172-31-32-215 kernel: [    0.000000] Using ACPI (MADT) for SMP configuration information
Aug 21 00:51:17 ip-172-31-32-215 kernel: [    0.000000] ACPI: HPET id: 0x8086a201 base: 0xfed00000
Aug 21 00:51:17 ip-172-31-32-215 kernel: [    0.000000] smpboot: Allowing 15 CPUs, 14 hotplug CPUs
Aug 21 00:51:17 ip-172-31-32-215 kernel: [    0.000000] e820: [mem 0x40000000-0xfbffffff] available for PCI devices
Aug 21 00:51:17 ip-172-31-32-215 kernel: [    0.000000] Booting paravirtualized kernel on Xen HVM
Aug 21 00:51:17 ip-172-31-32-215 kernel: [    0.000000] clocksource: refined-jiffies: mask: 0xffffffff max_cycles: 0xffffffff, max_idle_ns: 7645519600211568 ns
Aug 21 00:51:17 ip-172-31-32-215 kernel: [    0.000000] setup_percpu: NR_CPUS:128 nr_cpumask_bits:128 nr_cpu_ids:15 nr_node_ids:1
Aug 21 00:51:17 ip-172-31-32-215 kernel: [    0.000000] percpu: Embedded 34 pages/cpu @ffff88003e200000 s101720 r8192 d29352 u262144
Aug 21 00:51:17 ip-172-31-32-215 kernel: [    0.000000] PV qspinlock hash table entries: 256 (order: 0, 4096 bytes)
Aug 21 00:51:17 ip-172-31-32-215 kernel: [    0.000000] Built 1 zonelists in Node order, mobility grouping on.  Total pages: 257928
Aug 21 00:51:17 ip-172-31-32-215 kernel: [    0.000000] Policy zone: DMA32
Aug 21 00:51:17 ip-172-31-32-215 kernel: [    0.000000] Kernel command line: root=LABEL=/ console=tty1 console=ttyS0 selinux=0
Aug 21 00:51:17 ip-172-31-32-215 kernel: [    0.000000] PID hash table entries: 4096 (order: 3, 32768 bytes)
Aug 21 00:51:17 ip-172-31-32-215 kernel: [    0.000000] Memory: 999520K/1048180K available (5348K kernel code, 1108K rwdata, 2440K rodata, 1256K init, 3124K bss, 48660K reserved, 0K cma-reserved)
Aug 21 00:51:17 ip-172-31-32-215 kernel: [    0.000000] SLUB: HWalign=64, Order=0-3, MinObjects=0, CPUs=15, Nodes=1
Aug 21 00:51:17 ip-172-31-32-215 kernel: [    0.000000] Hierarchical RCU implementation.
Aug 21 00:51:17 ip-172-31-32-215 kernel: [    0.000000] 	Build-time adjustment of leaf fanout to 64.
Aug 21 00:51:17 ip-172-31-32-215 kernel: [    0.000000] 	RCU restricting CPUs from NR_CPUS=128 to nr_cpu_ids=15.
Aug 21 00:51:17 ip-172-31-32-215 kernel: [    0.000000] RCU: Adjusting geometry for rcu_fanout_leaf=64, nr_cpu_ids=15
Aug 21 00:51:17 ip-172-31-32-215 kernel: [    0.000000] NR_IRQS:8448 nr_irqs:952 16
Aug 21 00:51:17 ip-172-31-32-215 kernel: [    0.000000] xen:events: Using 2-level ABI
Aug 21 00:51:17 ip-172-31-32-215 kernel: [    0.000000] xen:events: Xen HVM callback vector for event delivery is enabled
Aug 21 00:51:17 ip-172-31-32-215 kernel: [    0.000000] Console: colour VGA+ 80x25
Aug 21 00:51:17 ip-172-31-32-215 kernel: [    0.000000] console [tty1] enabled
Aug 21 00:51:17 ip-172-31-32-215 kernel: [    0.000000] Cannot get hvm parameter CONSOLE_EVTCHN (18): -22!
Aug 21 00:51:17 ip-172-31-32-215 kernel: [    0.000000] console [ttyS0] enabled
Aug 21 00:51:17 ip-172-31-32-215 kernel: [    0.000000] clocksource: hpet: mask: 0xffffffff max_cycles: 0xffffffff, max_idle_ns: 30580167144 ns
Aug 21 00:51:17 ip-172-31-32-215 kernel: [    0.000000] tsc: Fast TSC calibration using PIT
Aug 21 00:51:17 ip-172-31-32-215 kernel: [    0.000000] tsc: Detected 2399.970 MHz processor
Aug 21 00:51:17 ip-172-31-32-215 kernel: [    0.028000] Calibrating delay loop (skipped), value calculated using timer frequency.. 4800.15 BogoMIPS (lpj=9600304)
Aug 21 00:51:17 ip-172-31-32-215 kernel: [    0.032004] pid_max: default: 32768 minimum: 301
Aug 21 00:51:17 ip-172-31-32-215 kernel: [    0.036018] ACPI: Core revision 20160831
Aug 21 00:51:17 ip-172-31-32-215 kernel: [    0.044248] ACPI: 3 ACPI AML tables successfully acquired and loaded
Aug 21 00:51:17 ip-172-31-32-215 kernel: [    0.048034] Security Framework initialized
Aug 21 00:51:17 ip-172-31-32-215 kernel: [    0.052082] Dentry cache hash table entries: 131072 (order: 8, 1048576 bytes)
Aug 21 00:51:17 ip-172-31-32-215 kernel: [    0.056184] Inode-cache hash table entries: 65536 (order: 7, 524288 bytes)
Aug 21 00:51:17 ip-172-31-32-215 kernel: [    0.060094] Mount-cache hash table entries: 2048 (order: 2, 16384 bytes)
Aug 21 00:51:17 ip-172-31-32-215 kernel: [    0.064010] Mountpoint-cache hash table entries: 2048 (order: 2, 16384 bytes)
Aug 21 00:51:17 ip-172-31-32-215 kernel: [    0.068238] CPU: Physical Processor ID: 0
Aug 21 00:51:17 ip-172-31-32-215 kernel: [    0.072016] mce: CPU supports 2 MCE banks
Aug 21 00:51:17 ip-172-31-32-215 kernel: [    0.076024] Last level iTLB entries: 4KB 1024, 2MB 1024, 4MB 1024
Aug 21 00:51:17 ip-172-31-32-215 kernel: [    0.080003] Last level dTLB entries: 4KB 1024, 2MB 1024, 4MB 1024, 1GB 4
Aug 21 00:51:17 ip-172-31-32-215 kernel: [    0.097463] ftrace: allocating 21607 entries in 85 pages
Aug 21 00:51:17 ip-172-31-32-215 kernel: [    0.116101] smpboot: Max logical packages: 15
Aug 21 00:51:17 ip-172-31-32-215 kernel: [    0.120593] x2apic: IRQ remapping doesn't support X2APIC mode
Aug 21 00:51:17 ip-172-31-32-215 kernel: [    0.124003] Switched APIC routing to physical flat.
Aug 21 00:51:17 ip-172-31-32-215 kernel: [    0.130022] ..TIMER: vector=0x30 apic1=0 pin1=2 apic2=0 pin2=0
Aug 21 00:51:17 ip-172-31-32-215 kernel: [    0.176580] clocksource: xen: mask: 0xffffffffffffffff max_cycles: 0x1cd42e4dffb, max_idle_ns: 881590591483 ns
Aug 21 00:51:17 ip-172-31-32-215 kernel: [    0.184031] installing Xen timer for CPU 0
Aug 21 00:51:17 ip-172-31-32-215 kernel: [    0.187675] smpboot: CPU0: Intel(R) Xeon(R) CPU E5-2676 v3 @ 2.40GHz (family: 0x6, model: 0x3f, stepping: 0x2)
Aug 21 00:51:17 ip-172-31-32-215 kernel: [    0.191801] cpu 0 spinlock event irq 53
Aug 21 00:51:17 ip-172-31-32-215 kernel: [    0.192004] Performance Events: unsupported p6 CPU model 63 no PMU driver, software events only.
Aug 21 00:51:17 ip-172-31-32-215 kernel: [    0.199438] x86: Booted up 1 node, 1 CPUs
Aug 21 00:51:17 ip-172-31-32-215 kernel: [    0.200010] smpboot: Total of 1 processors activated (4800.15 BogoMIPS)
Aug 21 00:51:17 ip-172-31-32-215 kernel: [    0.204382] devtmpfs: initialized
Aug 21 00:51:17 ip-172-31-32-215 kernel: [    0.207105] x86/mm: Memory block size: 128MB
Aug 21 00:51:17 ip-172-31-32-215 kernel: [    0.209605] clocksource: jiffies: mask: 0xffffffff max_cycles: 0xffffffff, max_idle_ns: 7645041785100000 ns
Aug 21 00:51:17 ip-172-31-32-215 kernel: [    0.212023] futex hash table entries: 4096 (order: 6, 262144 bytes)
Aug 21 00:51:17 ip-172-31-32-215 kernel: [    0.216231] NET: Registered protocol family 16
Aug 21 00:51:17 ip-172-31-32-215 kernel: [    0.220051] cpuidle: using governor ladder
Aug 21 00:51:17 ip-172-31-32-215 kernel: [    0.223124] cpuidle: using governor menu
Aug 21 00:51:17 ip-172-31-32-215 kernel: [    0.224027] ACPI: bus type PCI registered
Aug 21 00:51:17 ip-172-31-32-215 kernel: [    0.227052] acpiphp: ACPI Hot Plug PCI Controller Driver version: 0.5
Aug 21 00:51:17 ip-172-31-32-215 kernel: [    0.228385] PCI: Using configuration type 1 for base access
Aug 21 00:51:17 ip-172-31-32-215 kernel: [    0.233873] HugeTLB registered 2 MB page size, pre-allocated 0 pages
Aug 21 00:51:17 ip-172-31-32-215 kernel: [    0.236256] ACPI: Added _OSI(Module Device)
Aug 21 00:51:17 ip-172-31-32-215 kernel: [    0.239541] ACPI: Added _OSI(Processor Device)
Aug 21 00:51:17 ip-172-31-32-215 kernel: [    0.240017] ACPI: Added _OSI(3.0 _SCP Extensions)
Aug 21 00:51:17 ip-172-31-32-215 kernel: [    0.244009] ACPI: Added _OSI(Processor Aggregator Device)
Aug 21 00:51:17 ip-172-31-32-215 kernel: [    0.251001] ACPI: Interpreter enabled
Aug 21 00:51:17 ip-172-31-32-215 kernel: [    0.252024] ACPI: (supports S0 S3 S5)
Aug 21 00:51:17 ip-172-31-32-215 kernel: [    0.254906] ACPI: Using IOAPIC for interrupt routing
Aug 21 00:51:17 ip-172-31-32-215 kernel: [    0.256056] PCI: Using host bridge windows from ACPI; if necessary, use "pci=nocrs" and report a bug
Aug 21 00:51:17 ip-172-31-32-215 kernel: [    0.317115] ACPI: PCI Root Bridge [PCI0] (domain 0000 [bus 00-ff])
Aug 21 00:51:17 ip-172-31-32-215 kernel: [    0.320017] acpi PNP0A03:00: _OSC: OS supports [Segments MSI]
Aug 21 00:51:17 ip-172-31-32-215 kernel: [    0.323515] acpi PNP0A03:00: _OSC failed (AE_NOT_FOUND); disabling ASPM
Aug 21 00:51:17 ip-172-31-32-215 kernel: [    0.324016] acpi PNP0A03:00: fail to add MMCONFIG information, can't access extended PCI configuration space under this bridge.
Aug 21 00:51:17 ip-172-31-32-215 kernel: [    0.329003] acpiphp: Slot [0] registered
Aug 21 00:51:17 ip-172-31-32-215 kernel: [    0.332743] acpiphp: Slot [3] registered
Aug 21 00:51:17 ip-172-31-32-215 kernel: [    0.335546] acpiphp: Slot [4] registered
Aug 21 00:51:17 ip-172-31-32-215 kernel: [    0.336299] acpiphp: Slot [5] registered
Aug 21 00:51:17 ip-172-31-32-215 kernel: [    0.339382] acpiphp: Slot [6] registered
Aug 21 00:51:17 ip-172-31-32-215 kernel: [    0.340339] acpiphp: Slot [7] registered
Aug 21 00:51:17 ip-172-31-32-215 kernel: [    0.343191] acpiphp: Slot [8] registered
Aug 21 00:51:17 ip-172-31-32-215 kernel: [    0.344295] acpiphp: Slot [9] registered
Aug 21 00:51:17 ip-172-31-32-215 kernel: [    0.347260] acpiphp: Slot [10] registered
Aug 21 00:51:17 ip-172-31-32-215 kernel: [    0.348315] acpiphp: Slot [11] registered
Aug 21 00:51:17 ip-172-31-32-215 kernel: [    0.351269] acpiphp: Slot [12] registered
Aug 21 00:51:17 ip-172-31-32-215 kernel: [    0.352353] acpiphp: Slot [13] registered
Aug 21 00:51:17 ip-172-31-32-215 kernel: [    0.356118] acpiphp: Slot [14] registered
Aug 21 00:51:17 ip-172-31-32-215 kernel: [    0.359957] acpiphp: Slot [15] registered
Aug 21 00:51:17 ip-172-31-32-215 kernel: [    0.360447] acpiphp: Slot [16] registered
Aug 21 00:51:17 ip-172-31-32-215 kernel: [    0.363581] acpiphp: Slot [17] registered
Aug 21 00:51:17 ip-172-31-32-215 kernel: [    0.364339] acpiphp: Slot [18] registered
Aug 21 00:51:17 ip-172-31-32-215 kernel: [    0.368414] acpiphp: Slot [19] registered
Aug 21 00:51:17 ip-172-31-32-215 kernel: [    0.372123] acpiphp: Slot [20] registered
Aug 21 00:51:17 ip-172-31-32-215 kernel: [    0.375490] acpiphp: Slot [21] registered
Aug 21 00:51:17 ip-172-31-32-215 kernel: [    0.376349] acpiphp: Slot [22] registered
Aug 21 00:51:17 ip-172-31-32-215 kernel: [    0.379625] acpiphp: Slot [23] registered
Aug 21 00:51:17 ip-172-31-32-215 kernel: [    0.384031] acpiphp: Slot [24] registered
Aug 21 00:51:17 ip-172-31-32-215 kernel: [    0.388506] acpiphp: Slot [25] registered
Aug 21 00:51:17 ip-172-31-32-215 kernel: [    0.392199] acpiphp: Slot [26] registered
Aug 21 00:51:17 ip-172-31-32-215 kernel: [    0.396354] acpiphp: Slot [27] registered
Aug 21 00:51:17 ip-172-31-32-215 kernel: [    0.399896] acpiphp: Slot [28] registered
Aug 21 00:51:17 ip-172-31-32-215 kernel: [    0.403081] acpiphp: Slot [29] registered
Aug 21 00:51:17 ip-172-31-32-215 kernel: [    0.404380] acpiphp: Slot [30] registered
Aug 21 00:51:17 ip-172-31-32-215 kernel: [    0.407916] acpiphp: Slot [31] registered
Aug 21 00:51:17 ip-172-31-32-215 kernel: [    0.408368] PCI host bridge to bus 0000:00
Aug 21 00:51:17 ip-172-31-32-215 kernel: [    0.412014] pci_bus 0000:00: root bus resource [io  0x0000-0x0cf7 window]
Aug 21 00:51:17 ip-172-31-32-215 kernel: [    0.416008] pci_bus 0000:00: root bus resource [io  0x0d00-0xffff window]
Aug 21 00:51:17 ip-172-31-32-215 kernel: [    0.420008] pci_bus 0000:00: root bus resource [mem 0x000a0000-0x000bffff window]
Aug 21 00:51:17 ip-172-31-32-215 kernel: [    0.424014] pci_bus 0000:00: root bus resource [mem 0xf0000000-0xfbffffff window]
Aug 21 00:51:17 ip-172-31-32-215 kernel: [    0.428014] pci_bus 0000:00: root bus resource [bus 00-ff]
Aug 21 00:51:17 ip-172-31-32-215 kernel: [    0.440088] pci 0000:00:01.1: legacy IDE quirk: reg 0x10: [io  0x01f0-0x01f7]
Aug 21 00:51:17 ip-172-31-32-215 kernel: [    0.444009] pci 0000:00:01.1: legacy IDE quirk: reg 0x14: [io  0x03f6]
Aug 21 00:51:17 ip-172-31-32-215 kernel: [    0.448010] pci 0000:00:01.1: legacy IDE quirk: reg 0x18: [io  0x0170-0x0177]
Aug 21 00:51:17 ip-172-31-32-215 kernel: [    0.452010] pci 0000:00:01.1: legacy IDE quirk: reg 0x1c: [io  0x0376]
Aug 21 00:51:17 ip-172-31-32-215 kernel: [    0.456964] * Found PM-Timer Bug on the chipset. Due to workarounds for a bug,
Aug 21 00:51:17 ip-172-31-32-215 kernel: [    0.456964] * this clock source is slow. Consider trying other clock sources
Aug 21 00:51:17 ip-172-31-32-215 kernel: [    0.461908] pci 0000:00:01.3: quirk: [io  0xb000-0xb03f] claimed by PIIX4 ACPI
Aug 21 00:51:17 ip-172-31-32-215 kernel: [    0.473906] ACPI: PCI Interrupt Link [LNKA] (IRQs *5 10 11)
Aug 21 00:51:17 ip-172-31-32-215 kernel: [    0.480245] ACPI: PCI Interrupt Link [LNKB] (IRQs 5 *10 11)
Aug 21 00:51:17 ip-172-31-32-215 kernel: [    0.487437] ACPI: PCI Interrupt Link [LNKC] (IRQs 5 10 *11)
Aug 21 00:51:17 ip-172-31-32-215 kernel: [    0.492127] ACPI: PCI Interrupt Link [LNKD] (IRQs *5 10 11)
Aug 21 00:51:17 ip-172-31-32-215 kernel: [    0.519072] ACPI: Enabled 2 GPEs in block 00 to 0F
Aug 21 00:51:17 ip-172-31-32-215 kernel: [    0.520200] xen:balloon: Initialising balloon driver
Aug 21 00:51:17 ip-172-31-32-215 kernel: [    0.528133] vgaarb: setting as boot device: PCI:0000:00:02.0
Aug 21 00:51:17 ip-172-31-32-215 kernel: [    0.532000] vgaarb: device added: PCI:0000:00:02.0,decodes=io+mem,owns=io+mem,locks=none
Aug 21 00:51:17 ip-172-31-32-215 kernel: [    0.532022] vgaarb: loaded
Aug 21 00:51:17 ip-172-31-32-215 kernel: [    0.534322] vgaarb: bridge control possible 0000:00:02.0
Aug 21 00:51:17 ip-172-31-32-215 kernel: [    0.536705] PCI: Using ACPI for IRQ routing
Aug 21 00:51:17 ip-172-31-32-215 kernel: [    0.540116] NetLabel: Initializing
Aug 21 00:51:17 ip-172-31-32-215 kernel: [    0.542816] NetLabel:  domain hash size = 128
Aug 21 00:51:17 ip-172-31-32-215 kernel: [    0.544005] NetLabel:  protocols = UNLABELED CIPSOv4
Aug 21 00:51:17 ip-172-31-32-215 kernel: [    0.548025] NetLabel:  unlabeled traffic allowed by default
Aug 21 00:51:17 ip-172-31-32-215 kernel: [    0.552033] HPET: 3 timers in total, 0 timers will be used for per-cpu timer
Aug 21 00:51:17 ip-172-31-32-215 kernel: [    0.556021] hpet0: at MMIO 0xfed00000, IRQs 2, 8, 0
Aug 21 00:51:17 ip-172-31-32-215 kernel: [    0.564009] hpet0: 3 comparators, 64-bit 62.500000 MHz counter
Aug 21 00:51:17 ip-172-31-32-215 kernel: [    0.571246] clocksource: Switched to clocksource xen
Aug 21 00:51:17 ip-172-31-32-215 kernel: [    0.619915] VFS: Disk quotas dquot_6.6.0
Aug 21 00:51:17 ip-172-31-32-215 kernel: [    0.640928] VFS: Dquot-cache hash table entries: 512 (order 0, 4096 bytes)
Aug 21 00:51:17 ip-172-31-32-215 kernel: [    0.660276] pnp: PnP ACPI init
Aug 21 00:51:17 ip-172-31-32-215 kernel: [    0.663673] system 00:00: [mem 0x00000000-0x0009ffff] could not be reserved
Aug 21 00:51:17 ip-172-31-32-215 kernel: [    0.670050] system 00:01: [io  0x08a0-0x08a3] has been reserved
Aug 21 00:51:17 ip-172-31-32-215 kernel: [    0.685096] system 00:01: [io  0x0cc0-0x0ccf] has been reserved
Aug 21 00:51:17 ip-172-31-32-215 kernel: [    0.690826] system 00:01: [io  0x04d0-0x04d1] has been reserved
Aug 21 00:51:17 ip-172-31-32-215 kernel: [    0.695634] system 00:07: [io  0x10c0-0x1141] has been reserved
Aug 21 00:51:17 ip-172-31-32-215 kernel: [    0.700741] system 00:07: [io  0xb044-0xb047] has been reserved
Aug 21 00:51:17 ip-172-31-32-215 kernel: [    0.729690] pnp: PnP ACPI: found 8 devices
Aug 21 00:51:17 ip-172-31-32-215 kernel: [    0.738894] clocksource: acpi_pm: mask: 0xffffff max_cycles: 0xffffff, max_idle_ns: 2085701024 ns
Aug 21 00:51:17 ip-172-31-32-215 kernel: [    0.746318] NET: Registered protocol family 2
Aug 21 00:51:17 ip-172-31-32-215 kernel: [    0.750435] TCP established hash table entries: 8192 (order: 4, 65536 bytes)
Aug 21 00:51:17 ip-172-31-32-215 kernel: [    0.774687] TCP bind hash table entries: 8192 (order: 5, 131072 bytes)
Aug 21 00:51:17 ip-172-31-32-215 kernel: [    0.811909] TCP: Hash tables configured (established 8192 bind 8192)
Aug 21 00:51:17 ip-172-31-32-215 kernel: [    0.816487] UDP hash table entries: 512 (order: 2, 16384 bytes)
Aug 21 00:51:17 ip-172-31-32-215 kernel: [    0.820682] UDP-Lite hash table entries: 512 (order: 2, 16384 bytes)
Aug 21 00:51:17 ip-172-31-32-215 kernel: [    0.825259] NET: Registered protocol family 1
Aug 21 00:51:17 ip-172-31-32-215 kernel: [    0.828345] pci 0000:00:00.0: Limiting direct PCI/PCI transfers
Aug 21 00:51:17 ip-172-31-32-215 kernel: [    0.832305] pci 0000:00:01.0: PIIX3: Enabling Passive Release
Aug 21 00:51:17 ip-172-31-32-215 kernel: [    0.836733] pci 0000:00:01.0: Activating ISA DMA hang workarounds
Aug 21 00:51:17 ip-172-31-32-215 kernel: [    0.841134] pci 0000:00:02.0: Video device with shadowed ROM at [mem 0x000c0000-0x000dffff]
Aug 21 00:51:17 ip-172-31-32-215 kernel: [    0.847995] Unpacking initramfs...
Aug 21 00:51:17 ip-172-31-32-215 kernel: [    0.904059] random: fast init done
Aug 21 00:51:17 ip-172-31-32-215 kernel: [    1.059757] Freeing initrd memory: 14160K (ffff88003721c000 - ffff880037ff0000)
Aug 21 00:51:17 ip-172-31-32-215 kernel: [    1.086413] audit: initializing netlink subsys (disabled)
Aug 21 00:51:17 ip-172-31-32-215 kernel: [    1.105366] audit: type=2000 audit(1503276672.573:1): initialized
Aug 21 00:51:17 ip-172-31-32-215 kernel: [    1.132434] Initialise system trusted keyrings
Aug 21 00:51:17 ip-172-31-32-215 kernel: [    1.145643] workingset: timestamp_bits=36 max_order=18 bucket_order=0
Aug 21 00:51:17 ip-172-31-32-215 kernel: [    1.195858] Key type asymmetric registered
Aug 21 00:51:17 ip-172-31-32-215 kernel: [    1.200212] Asymmetric key parser 'x509' registered
Aug 21 00:51:17 ip-172-31-32-215 kernel: [    1.204931] Block layer SCSI generic (bsg) driver version 0.4 loaded (major 254)
Aug 21 00:51:17 ip-172-31-32-215 kernel: [    1.211862] io scheduler noop registered (default)
Aug 21 00:51:17 ip-172-31-32-215 kernel: [    1.216820] pci_hotplug: PCI Hot Plug PCI Core version: 0.5
Aug 21 00:51:17 ip-172-31-32-215 kernel: [    1.221968] xen:grant_table: Grant tables using version 1 layout
Aug 21 00:51:17 ip-172-31-32-215 kernel: [    1.226892] Grant table initialized
Aug 21 00:51:17 ip-172-31-32-215 kernel: [    1.230343] Cannot get hvm parameter CONSOLE_EVTCHN (18): -22!
Aug 21 00:51:17 ip-172-31-32-215 kernel: [    1.234778] Serial: 8250/16550 driver, 4 ports, IRQ sharing disabled
Aug 21 00:51:17 ip-172-31-32-215 kernel: [    1.268690] 00:06: ttyS0 at I/O 0x3f8 (irq = 4, base_baud = 115200) is a 16550A
Aug 21 00:51:17 ip-172-31-32-215 kernel: [    1.274854] xen_netfront: Initialising Xen virtual ethernet driver
Aug 21 00:51:17 ip-172-31-32-215 kernel: [    1.282259] i8042: PNP: PS/2 Controller [PNP0303:PS2K,PNP0f13:PS2M] at 0x60,0x64 irq 1,12
Aug 21 00:51:17 ip-172-31-32-215 kernel: [    1.290308] serio: i8042 KBD port at 0x60,0x64 irq 1
Aug 21 00:51:17 ip-172-31-32-215 kernel: [    1.293880] serio: i8042 AUX port at 0x60,0x64 irq 12
Aug 21 00:51:17 ip-172-31-32-215 kernel: [    1.297777] hidraw: raw HID events driver (C) Jiri Kosina
Aug 21 00:51:17 ip-172-31-32-215 kernel: [    1.301623] Invalid max_queues (4), will use default max: 1.
Aug 21 00:51:17 ip-172-31-32-215 kernel: [    1.309157] input: AT Translated Set 2 keyboard as /devices/platform/i8042/serio0/input/input0
Aug 21 00:51:17 ip-172-31-32-215 kernel: [    1.317441] NET: Registered protocol family 17
Aug 21 00:51:17 ip-172-31-32-215 kernel: [    1.326369] registered taskstats version 1
Aug 21 00:51:17 ip-172-31-32-215 kernel: [    1.334342] Loading compiled-in X.509 certificates
Aug 21 00:51:17 ip-172-31-32-215 kernel: [    1.420842] alg: No test for pkcs1pad(rsa,sha256) (pkcs1pad(rsa-generic,sha256))
Aug 21 00:51:17 ip-172-31-32-215 kernel: [    1.454451] Loaded X.509 cert 'Build time autogenerated kernel key: be6593de4129d4002d07348292b89c84790743cf'
Aug 21 00:51:17 ip-172-31-32-215 kernel: [    1.462425] zswap: default zpool zbud not available
Aug 21 00:51:17 ip-172-31-32-215 kernel: [    1.469900] zswap: pool creation failed
Aug 21 00:51:17 ip-172-31-32-215 kernel: [    1.520599] blkfront: xvda: barrier or flush: disabled; persistent grants: disabled; indirect descriptors: enabled;
Aug 21 00:51:17 ip-172-31-32-215 kernel: [    1.576405]  xvda: xvda1
Aug 21 00:51:17 ip-172-31-32-215 kernel: [    1.681688] Freeing unused kernel memory: 1256K (ffffffff81b17000 - ffffffff81c51000)
Aug 21 00:51:17 ip-172-31-32-215 kernel: [    1.695011] Write protecting the kernel read-only data: 10240k
Aug 21 00:51:17 ip-172-31-32-215 kernel: [    1.702428] Freeing unused kernel memory: 780K (ffff88000153d000 - ffff880001600000)
Aug 21 00:51:17 ip-172-31-32-215 kernel: [    1.713333] Freeing unused kernel memory: 1656K (ffff880001862000 - ffff880001a00000)
Aug 21 00:51:17 ip-172-31-32-215 kernel: [    1.732442] dm_mod: module verification failed: signature and/or required key missing - tainting kernel
Aug 21 00:51:17 ip-172-31-32-215 kernel: [    1.745056] device-mapper: uevent: version 1.0.3
Aug 21 00:51:17 ip-172-31-32-215 kernel: [    1.749015] device-mapper: ioctl: 4.35.0-ioctl (2016-06-23) initialised: dm-devel@redhat.com
Aug 21 00:51:17 ip-172-31-32-215 kernel: [    1.801491] SCSI subsystem initialized
Aug 21 00:51:17 ip-172-31-32-215 kernel: [    1.934613] scsi host0: ata_piix
Aug 21 00:51:17 ip-172-31-32-215 kernel: [    1.942819] scsi host1: ata_piix
Aug 21 00:51:17 ip-172-31-32-215 kernel: [    1.946058] ata1: PATA max MWDMA2 cmd 0x1f0 ctl 0x3f6 bmdma 0xc100 irq 14
Aug 21 00:51:17 ip-172-31-32-215 kernel: [    1.950692] ata2: PATA max MWDMA2 cmd 0x170 ctl 0x376 bmdma 0xc108 irq 15
Aug 21 00:51:17 ip-172-31-32-215 kernel: [    2.112124] tsc: Refined TSC clocksource calibration: 2400.001 MHz
Aug 21 00:51:17 ip-172-31-32-215 kernel: [    2.117113] clocksource: tsc: mask: 0xffffffffffffffff max_cycles: 0x22983858435, max_idle_ns: 440795258295 ns
Aug 21 00:51:17 ip-172-31-32-215 kernel: [    2.169013] EXT4-fs (xvda1): mounted filesystem with ordered data mode. Opts: (null)
Aug 21 00:51:17 ip-172-31-32-215 kernel: [    2.209794] EXT4-fs (xvda1): mounted filesystem with ordered data mode. Opts: (null)
Aug 21 00:51:17 ip-172-31-32-215 kernel: [    2.505027] input: Power Button as /devices/LNXSYSTM:00/LNXPWRBN:00/input/input3
Aug 21 00:51:17 ip-172-31-32-215 kernel: [    2.615939] ACPI: Power Button [PWRF]
Aug 21 00:51:17 ip-172-31-32-215 kernel: [    2.635960] input: Sleep Button as /devices/LNXSYSTM:00/LNXSLPBN:00/input/input4
Aug 21 00:51:17 ip-172-31-32-215 kernel: [    2.660796] ACPI: Sleep Button [SLPF]
Aug 21 00:51:17 ip-172-31-32-215 kernel: [    2.769182] input: ImExPS/2 Generic Explorer Mouse as /devices/platform/i8042/serio1/input/input5
Aug 21 00:51:17 ip-172-31-32-215 kernel: [    2.905285] mousedev: PS/2 mouse device common for all mice
Aug 21 00:51:17 ip-172-31-32-215 kernel: [    3.990896] EXT4-fs (xvda1): re-mounted. Opts: (null)
Aug 21 00:51:17 ip-172-31-32-215 kernel: [    4.180688] NET: Registered protocol family 10
Aug 21 00:51:17 ip-172-31-32-215 kernel: [    5.855404] audit: type=1305 audit(1503276677.321:2): audit_pid=2210 old=0 auid=4294967295 ses=4294967295 res=1
Aug 21 00:51:17 ip-172-31-32-215 irqbalance: Balancing is ineffective on systems with a single cpu.  Shutting down
Aug 21 00:51:17 ip-172-31-32-215 dhclient[2163]: XMT: Solicit on eth0, interval 1060ms.
Aug 21 00:51:17 ip-172-31-32-215 kernel: [    6.304995] random: crng init done
Aug 21 00:51:17 ip-172-31-32-215 rpc.statd[2292]: Version 1.3.0 starting
Aug 21 00:51:17 ip-172-31-32-215 sm-notify[2293]: Version 1.3.0 starting
Aug 21 00:51:17 ip-172-31-32-215 rpc.statd[2292]: Initializing NSM state
Aug 21 00:51:18 ip-172-31-32-215 acpid: starting up with netlink and the input layer
Aug 21 00:51:18 ip-172-31-32-215 acpid: skipping incomplete file /etc/acpi/events/videoconf
Aug 21 00:51:18 ip-172-31-32-215 acpid: 1 rule loaded
Aug 21 00:51:18 ip-172-31-32-215 acpid: waiting for events: event logging is off
Aug 21 00:51:18 ip-172-31-32-215 udevadm[2365]: --type=failed is deprecated and will be removed from a future udev release.
Aug 21 00:51:18 ip-172-31-32-215 ec2net: [ec2ifscan] Scanning for unconfigured interfaces
Aug 21 00:51:18 ip-172-31-32-215 dhclient[2163]: XMT: Solicit on eth0, interval 2180ms.
Aug 21 00:51:20 ip-172-31-32-215 dhclient[2163]: XMT: Solicit on eth0, interval 4530ms.
Aug 21 00:51:24 ip-172-31-32-215 yum[2462]: Updated: kernel-tools-4.9.43-17.38.amzn1.x86_64
Aug 21 00:51:25 ip-172-31-32-215 ntpd[2527]: ntpd 4.2.6p5@1.2349-o Wed Apr 19 22:27:48 UTC 2017 (1)
Aug 21 00:51:25 ip-172-31-32-215 ntpd[2528]: proto: precision = 0.112 usec
Aug 21 00:51:25 ip-172-31-32-215 ntpd[2528]: 0.0.0.0 c01d 0d kern kernel time sync enabled
Aug 21 00:51:25 ip-172-31-32-215 ntpd[2528]: Listen and drop on 0 v4wildcard 0.0.0.0 UDP 123
Aug 21 00:51:25 ip-172-31-32-215 ntpd[2528]: Listen normally on 1 lo 127.0.0.1 UDP 123
Aug 21 00:51:25 ip-172-31-32-215 ntpd[2528]: Listen normally on 2 eth0 172.31.32.215 UDP 123
Aug 21 00:51:25 ip-172-31-32-215 ntpd[2528]: Listening on routing socket on fd #19 for interface updates
Aug 21 00:51:25 ip-172-31-32-215 dhclient[2163]: XMT: Solicit on eth0, interval 9000ms.
Aug 21 00:51:25 ip-172-31-32-215 ec2: 
Aug 21 00:51:25 ip-172-31-32-215 ec2: #############################################################
Aug 21 00:51:25 ip-172-31-32-215 ec2: -----BEGIN SSH HOST KEY FINGERPRINTS-----
Aug 21 00:51:25 ip-172-31-32-215 ec2: 1024 5e:75:d3:2b:34:f7:43:ed:a5:f8:7a:b8:31:45:78:19  root@ip-172-31-32-215 (DSA)
Aug 21 00:51:25 ip-172-31-32-215 ec2: 256 a8:06:c9:32:4c:df:fb:45:be:a9:76:cf:87:d4:c3:46  root@ip-172-31-32-215 (ECDSA)
Aug 21 00:51:25 ip-172-31-32-215 ec2: 256 26:45:28:f0:1e:f7:3f:f8:eb:66:ea:8f:43:67:4a:37   (ED25519)
Aug 21 00:51:25 ip-172-31-32-215 ec2: 2048 86:25:73:38:a1:ba:58:33:3e:bf:d7:cd:21:e2:6e:85  root@ip-172-31-32-215 (RSA)
Aug 21 00:51:25 ip-172-31-32-215 ec2: -----END SSH HOST KEY FINGERPRINTS-----
Aug 21 00:51:25 ip-172-31-32-215 ec2: #############################################################
Aug 21 00:51:35 ip-172-31-32-215 dhclient[2163]: XMT: Solicit on eth0, interval 18350ms.
Aug 21 00:51:54 ip-172-31-32-215 dhclient[2163]: XMT: Solicit on eth0, interval 36360ms.
Aug 21 00:52:30 ip-172-31-32-215 dhclient[2163]: XMT: Solicit on eth0, interval 71440ms.
Aug 21 00:53:41 ip-172-31-32-215 dhclient[2163]: XMT: Solicit on eth0, interval 129820ms.
Aug 21 00:55:51 ip-172-31-32-215 dhclient[2163]: XMT: Solicit on eth0, interval 117890ms.
Aug 21 00:57:49 ip-172-31-32-215 dhclient[2163]: XMT: Solicit on eth0, interval 119060ms.
Aug 21 00:59:48 ip-172-31-32-215 dhclient[2163]: XMT: Solicit on eth0, interval 110200ms.
Aug 21 01:01:09 ip-172-31-32-215 su: (to root) ec2-user on pts/0
Aug 21 01:01:18 ip-172-31-32-215 yum[2693]: Installed: kernel-4.9.43-17.38.amzn1.x86_64
Aug 21 01:01:39 ip-172-31-32-215 dhclient[2163]: XMT: Solicit on eth0, interval 131500ms.
Aug 21 01:03:50 ip-172-31-32-215 dhclient[2163]: XMT: Solicit on eth0, interval 110600ms.
Aug 21 01:05:41 ip-172-31-32-215 dhclient[2163]: XMT: Solicit on eth0, interval 118640ms.
Aug 21 01:07:40 ip-172-31-32-215 dhclient[2163]: XMT: Solicit on eth0, interval 123920ms.
Aug 21 01:09:44 ip-172-31-32-215 dhclient[2163]: XMT: Solicit on eth0, interval 114230ms.
Aug 21 01:11:38 ip-172-31-32-215 dhclient[2163]: XMT: Solicit on eth0, interval 113690ms.
Aug 21 01:13:32 ip-172-31-32-215 dhclient[2163]: XMT: Solicit on eth0, interval 110950ms.
Aug 21 01:14:16 ip-172-31-32-215 dhclient[2061]: DHCPREQUEST on eth0 to 172.31.32.1 port 67 (xid=0x52115d15)
Aug 21 01:14:16 ip-172-31-32-215 dhclient[2061]: DHCPACK from 172.31.32.1 (xid=0x52115d15)
Aug 21 01:14:16 ip-172-31-32-215 dhclient[2061]: bound to 172.31.32.215 -- renewal in 1516 seconds.
Aug 21 01:14:16 ip-172-31-32-215 ec2net: [get_meta] Trying to get http://169.254.169.254/latest/meta-data/network/interfaces/macs/06:87:ef:81:07:b0/local-ipv4s
Aug 21 01:14:16 ip-172-31-32-215 ec2net: [rewrite_aliases] Rewriting aliases of eth0
Aug 21 01:15:23 ip-172-31-32-215 dhclient[2163]: XMT: Solicit on eth0, interval 115120ms.
Aug 21 01:17:18 ip-172-31-32-215 dhclient[2163]: XMT: Solicit on eth0, interval 120440ms.
Aug 21 01:19:18 ip-172-31-32-215 dhclient[2163]: XMT: Solicit on eth0, interval 127660ms.
Aug 21 01:21:26 ip-172-31-32-215 dhclient[2163]: XMT: Solicit on eth0, interval 127740ms.
Aug 21 01:23:34 ip-172-31-32-215 dhclient[2163]: XMT: Solicit on eth0, interval 124100ms.
Aug 21 01:25:38 ip-172-31-32-215 dhclient[2163]: XMT: Solicit on eth0, interval 117290ms.
Aug 21 01:27:36 ip-172-31-32-215 dhclient[2163]: XMT: Solicit on eth0, interval 125840ms.
Aug 21 01:28:51 ip-172-31-32-215 su: (to root) ec2-user on pts/0
Aug 21 01:29:42 ip-172-31-32-215 dhclient[2163]: XMT: Solicit on eth0, interval 127490ms.
Aug 21 01:31:49 ip-172-31-32-215 dhclient[2163]: XMT: Solicit on eth0, interval 113900ms.
Aug 21 01:33:43 ip-172-31-32-215 dhclient[2163]: XMT: Solicit on eth0, interval 130580ms.
Aug 21 01:35:54 ip-172-31-32-215 dhclient[2163]: XMT: Solicit on eth0, interval 129260ms.
Aug 21 01:38:03 ip-172-31-32-215 dhclient[2163]: XMT: Solicit on eth0, interval 128120ms.
Aug 21 01:39:32 ip-172-31-32-215 dhclient[2061]: DHCPREQUEST on eth0 to 172.31.32.1 port 67 (xid=0x52115d15)
Aug 21 01:39:32 ip-172-31-32-215 dhclient[2061]: DHCPACK from 172.31.32.1 (xid=0x52115d15)
Aug 21 01:39:32 ip-172-31-32-215 dhclient[2061]: bound to 172.31.32.215 -- renewal in 1470 seconds.
Aug 21 01:39:32 ip-172-31-32-215 ec2net: [get_meta] Trying to get http://169.254.169.254/latest/meta-data/network/interfaces/macs/06:87:ef:81:07:b0/local-ipv4s
Aug 21 01:39:32 ip-172-31-32-215 ec2net: [rewrite_aliases] Rewriting aliases of eth0
Aug 21 01:40:11 ip-172-31-32-215 dhclient[2163]: XMT: Solicit on eth0, interval 121210ms.
Aug 21 01:42:13 ip-172-31-32-215 dhclient[2163]: XMT: Solicit on eth0, interval 124980ms.
Aug 21 01:44:18 ip-172-31-32-215 dhclient[2163]: XMT: Solicit on eth0, interval 124260ms.
Aug 21 01:45:58 ip-172-31-32-215 su: (to root) ec2-user on pts/0
Aug 21 01:46:22 ip-172-31-32-215 dhclient[2163]: XMT: Solicit on eth0, interval 121680ms.
Aug 21 01:48:24 ip-172-31-32-215 dhclient[2163]: XMT: Solicit on eth0, interval 115970ms.
Aug 21 01:50:20 ip-172-31-32-215 dhclient[2163]: XMT: Solicit on eth0, interval 113370ms.
Aug 21 01:52:13 ip-172-31-32-215 dhclient[2163]: XMT: Solicit on eth0, interval 112950ms.
Aug 21 01:54:06 ip-172-31-32-215 dhclient[2163]: XMT: Solicit on eth0, interval 123790ms.
Aug 21 01:56:10 ip-172-31-32-215 dhclient[2163]: XMT: Solicit on eth0, interval 110560ms.
Aug 21 01:58:01 ip-172-31-32-215 dhclient[2163]: XMT: Solicit on eth0, interval 131020ms.
Aug 21 02:00:12 ip-172-31-32-215 dhclient[2163]: XMT: Solicit on eth0, interval 109370ms.
Aug 21 02:02:01 ip-172-31-32-215 dhclient[2163]: XMT: Solicit on eth0, interval 108320ms.
Aug 21 02:03:50 ip-172-31-32-215 dhclient[2163]: XMT: Solicit on eth0, interval 129390ms.
Aug 21 02:04:02 ip-172-31-32-215 dhclient[2061]: DHCPREQUEST on eth0 to 172.31.32.1 port 67 (xid=0x52115d15)
Aug 21 02:04:02 ip-172-31-32-215 dhclient[2061]: DHCPACK from 172.31.32.1 (xid=0x52115d15)
Aug 21 02:04:02 ip-172-31-32-215 dhclient[2061]: bound to 172.31.32.215 -- renewal in 1775 seconds.
Aug 21 02:04:02 ip-172-31-32-215 ec2net: [get_meta] Trying to get http://169.254.169.254/latest/meta-data/network/interfaces/macs/06:87:ef:81:07:b0/local-ipv4s
Aug 21 02:04:02 ip-172-31-32-215 ec2net: [rewrite_aliases] Rewriting aliases of eth0
Aug 21 02:05:59 ip-172-31-32-215 dhclient[2163]: XMT: Solicit on eth0, interval 131640ms.
Aug 21 02:08:11 ip-172-31-32-215 dhclient[2163]: XMT: Solicit on eth0, interval 123990ms.
Aug 21 02:10:15 ip-172-31-32-215 dhclient[2163]: XMT: Solicit on eth0, interval 119780ms.
Aug 21 02:12:15 ip-172-31-32-215 dhclient[2163]: XMT: Solicit on eth0, interval 110060ms.
Aug 21 02:14:05 ip-172-31-32-215 dhclient[2163]: XMT: Solicit on eth0, interval 112040ms.
Aug 21 02:15:57 ip-172-31-32-215 dhclient[2163]: XMT: Solicit on eth0, interval 116580ms.
Aug 21 02:16:32 ip-172-31-32-215 init: serial (ttyS0) main process (2613) killed by TERM signal
Aug 21 02:16:32 ip-172-31-32-215 init: tty (/dev/tty1) main process (2615) killed by TERM signal
Aug 21 02:16:32 ip-172-31-32-215 init: tty (/dev/tty2) main process (2617) killed by TERM signal
Aug 21 02:16:32 ip-172-31-32-215 init: tty (/dev/tty3) main process (2619) killed by TERM signal
Aug 21 02:16:32 ip-172-31-32-215 init: tty (/dev/tty4) main process (2621) killed by TERM signal
Aug 21 02:16:32 ip-172-31-32-215 init: tty (/dev/tty5) main process (2623) killed by TERM signal
Aug 21 02:16:32 ip-172-31-32-215 init: tty (/dev/tty6) main process (2625) killed by TERM signal
Aug 21 02:16:32 ip-172-31-32-215 init: plymouth-shutdown main process (8421) terminated with status 1
Aug 21 02:16:32 ip-172-31-32-215 init: splash-manager main process (8416) terminated with status 1
Aug 21 02:16:33 ip-172-31-32-215 acpid: exiting
Aug 21 02:16:33 ip-172-31-32-215 ntpd[2528]: ntpd exiting on signal 15
Aug 21 02:16:33 ip-172-31-32-215 init: Disconnected from system bus
Aug 21 02:16:33 ip-172-31-32-215 rpcbind: rpcbind terminating on signal. Restart with "rpcbind -w"
Aug 21 02:16:33 ip-172-31-32-215 auditd[2210]: The audit daemon is exiting.
Aug 21 02:16:33 ip-172-31-32-215 kernel: [ 5120.838177] audit: type=1305 audit(1503281793.410:133): audit_pid=0 old=2210 auid=4294967295 ses=4294967295 res=1
Aug 21 02:16:33 ip-172-31-32-215 kernel: [ 5120.934053] audit: type=1305 audit(1503281793.506:134): audit_enabled=0 old=1 auid=4294967295 ses=4294967295 res=1
Aug 21 02:16:33 ip-172-31-32-215 kernel: Kernel logging (proc) stopped.
Aug 21 02:16:33 ip-172-31-32-215 rsyslogd: [origin software="rsyslogd" swVersion="5.8.10" x-pid="2231" x-info="http://www.rsyslog.com"] exiting on signal 15.
Aug 21 02:17:11 ip-172-31-32-215 kernel: imklog 5.8.10, log source = /proc/kmsg started.
Aug 21 02:17:11 ip-172-31-32-215 rsyslogd: [origin software="rsyslogd" swVersion="5.8.10" x-pid="2258" x-info="http://www.rsyslog.com"] start
Aug 21 02:17:11 ip-172-31-32-215 kernel: [    0.000000] Linux version 4.9.43-17.38.amzn1.x86_64 (mockbuild@gobi-build-60008) (gcc version 4.8.3 20140911 (Red Hat 4.8.3-9) (GCC) ) #1 SMP Thu Aug 17 00:20:39 UTC 2017
Aug 21 02:17:11 ip-172-31-32-215 kernel: [    0.000000] Command line: root=LABEL=/ console=tty1 console=ttyS0 selinux=0 LANG=en_US.UTF-8 KEYTABLE=us
Aug 21 02:17:11 ip-172-31-32-215 kernel: [    0.000000] x86/fpu: Supporting XSAVE feature 0x001: 'x87 floating point registers'
Aug 21 02:17:11 ip-172-31-32-215 kernel: [    0.000000] x86/fpu: Supporting XSAVE feature 0x002: 'SSE registers'
Aug 21 02:17:11 ip-172-31-32-215 kernel: [    0.000000] x86/fpu: Supporting XSAVE feature 0x004: 'AVX registers'
Aug 21 02:17:11 ip-172-31-32-215 kernel: [    0.000000] x86/fpu: xstate_offset[2]:  576, xstate_sizes[2]:  256
Aug 21 02:17:11 ip-172-31-32-215 kernel: [    0.000000] x86/fpu: Enabled xstate features 0x7, context size is 832 bytes, using 'standard' format.
Aug 21 02:17:11 ip-172-31-32-215 kernel: [    0.000000] x86/fpu: Using 'eager' FPU context switches.
Aug 21 02:17:11 ip-172-31-32-215 kernel: [    0.000000] e820: BIOS-provided physical RAM map:
Aug 21 02:17:11 ip-172-31-32-215 kernel: [    0.000000] BIOS-e820: [mem 0x0000000000000000-0x000000000009dfff] usable
Aug 21 02:17:11 ip-172-31-32-215 kernel: [    0.000000] BIOS-e820: [mem 0x000000000009e000-0x000000000009ffff] reserved
Aug 21 02:17:11 ip-172-31-32-215 kernel: [    0.000000] BIOS-e820: [mem 0x00000000000e0000-0x00000000000fffff] reserved
Aug 21 02:17:11 ip-172-31-32-215 kernel: [    0.000000] BIOS-e820: [mem 0x0000000000100000-0x000000003fffffff] usable
Aug 21 02:17:11 ip-172-31-32-215 kernel: [    0.000000] BIOS-e820: [mem 0x00000000fc000000-0x00000000ffffffff] reserved
Aug 21 02:17:11 ip-172-31-32-215 kernel: [    0.000000] NX (Execute Disable) protection: active
Aug 21 02:17:11 ip-172-31-32-215 kernel: [    0.000000] SMBIOS 2.4 present.
Aug 21 02:17:11 ip-172-31-32-215 kernel: [    0.000000] Hypervisor detected: Xen
Aug 21 02:17:11 ip-172-31-32-215 kernel: [    0.000000] Xen version 4.2.
Aug 21 02:17:11 ip-172-31-32-215 kernel: [    0.000000] Netfront and the Xen platform PCI driver have been compiled for this kernel: unplug emulated NICs.
Aug 21 02:17:11 ip-172-31-32-215 kernel: [    0.000000] Blkfront and the Xen platform PCI driver have been compiled for this kernel: unplug emulated disks.
Aug 21 02:17:11 ip-172-31-32-215 kernel: [    0.000000] You might have to change the root device
Aug 21 02:17:11 ip-172-31-32-215 kernel: [    0.000000] from /dev/hd[a-d] to /dev/xvd[a-d]
Aug 21 02:17:11 ip-172-31-32-215 kernel: [    0.000000] in your root= kernel command line option
Aug 21 02:17:11 ip-172-31-32-215 kernel: [    0.000000] e820: last_pfn = 0x40000 max_arch_pfn = 0x400000000
Aug 21 02:17:11 ip-172-31-32-215 kernel: [    0.000000] x86/PAT: Configuration [0-7]: WB  WC  UC- UC  WB  WC  UC- WT  
Aug 21 02:17:11 ip-172-31-32-215 kernel: [    0.000000] found SMP MP-table at [mem 0x000fbc20-0x000fbc2f] mapped at [ffff8800000fbc20]
Aug 21 02:17:11 ip-172-31-32-215 kernel: [    0.000000] RAMDISK: [mem 0x37218000-0x37feffff]
Aug 21 02:17:11 ip-172-31-32-215 kernel: [    0.000000] ACPI: Early table checksum verification disabled
Aug 21 02:17:11 ip-172-31-32-215 kernel: [    0.000000] ACPI: RSDP 0x00000000000EA020 000024 (v02 Xen   )
Aug 21 02:17:11 ip-172-31-32-215 kernel: [    0.000000] ACPI: XSDT 0x00000000FC00DDC0 000054 (v01 Xen    HVM      00000000 HVML 00000000)
Aug 21 02:17:11 ip-172-31-32-215 kernel: [    0.000000] ACPI: FACP 0x00000000FC00DA80 0000F4 (v04 Xen    HVM      00000000 HVML 00000000)
Aug 21 02:17:11 ip-172-31-32-215 kernel: [    0.000000] ACPI: DSDT 0x00000000FC001CE0 00BD19 (v02 Xen    HVM      00000000 INTL 20090123)
Aug 21 02:17:11 ip-172-31-32-215 kernel: [    0.000000] ACPI: FACS 0x00000000FC001CA0 000040
Aug 21 02:17:11 ip-172-31-32-215 kernel: [    0.000000] ACPI: FACS 0x00000000FC001CA0 000040
Aug 21 02:17:11 ip-172-31-32-215 kernel: [    0.000000] ACPI: APIC 0x00000000FC00DB80 0000D8 (v02 Xen    HVM      00000000 HVML 00000000)
Aug 21 02:17:11 ip-172-31-32-215 kernel: [    0.000000] ACPI: HPET 0x00000000FC00DCD0 000038 (v01 Xen    HVM      00000000 HVML 00000000)
Aug 21 02:17:11 ip-172-31-32-215 kernel: [    0.000000] ACPI: WAET 0x00000000FC00DD10 000028 (v01 Xen    HVM      00000000 HVML 00000000)
Aug 21 02:17:11 ip-172-31-32-215 kernel: [    0.000000] ACPI: SSDT 0x00000000FC00DD40 000031 (v02 Xen    HVM      00000000 INTL 20090123)
Aug 21 02:17:11 ip-172-31-32-215 kernel: [    0.000000] ACPI: SSDT 0x00000000FC00DD80 000031 (v02 Xen    HVM      00000000 INTL 20090123)
Aug 21 02:17:11 ip-172-31-32-215 kernel: [    0.000000] No NUMA configuration found
Aug 21 02:17:11 ip-172-31-32-215 kernel: [    0.000000] Faking a node at [mem 0x0000000000000000-0x000000003fffffff]
Aug 21 02:17:11 ip-172-31-32-215 kernel: [    0.000000] NODE_DATA(0) allocated [mem 0x3ffde000-0x3fffffff]
Aug 21 02:17:11 ip-172-31-32-215 kernel: [    0.000000] Zone ranges:
Aug 21 02:17:11 ip-172-31-32-215 kernel: [    0.000000]   DMA      [mem 0x0000000000001000-0x0000000000ffffff]
Aug 21 02:17:11 ip-172-31-32-215 kernel: [    0.000000]   DMA32    [mem 0x0000000001000000-0x000000003fffffff]
Aug 21 02:17:11 ip-172-31-32-215 kernel: [    0.000000]   Normal   empty
Aug 21 02:17:11 ip-172-31-32-215 kernel: [    0.000000] Movable zone start for each node
Aug 21 02:17:11 ip-172-31-32-215 kernel: [    0.000000] Early memory node ranges
Aug 21 02:17:11 ip-172-31-32-215 kernel: [    0.000000]   node   0: [mem 0x0000000000001000-0x000000000009dfff]
Aug 21 02:17:11 ip-172-31-32-215 kernel: [    0.000000]   node   0: [mem 0x0000000000100000-0x000000003fffffff]
Aug 21 02:17:11 ip-172-31-32-215 kernel: [    0.000000] Initmem setup node 0 [mem 0x0000000000001000-0x000000003fffffff]
Aug 21 02:17:11 ip-172-31-32-215 kernel: [    0.000000] ACPI: PM-Timer IO Port: 0xb008
Aug 21 02:17:11 ip-172-31-32-215 kernel: [    0.000000] IOAPIC[0]: apic_id 1, version 17, address 0xfec00000, GSI 0-47
Aug 21 02:17:11 ip-172-31-32-215 kernel: [    0.000000] ACPI: INT_SRC_OVR (bus 0 bus_irq 0 global_irq 2 dfl dfl)
Aug 21 02:17:11 ip-172-31-32-215 kernel: [    0.000000] ACPI: INT_SRC_OVR (bus 0 bus_irq 5 global_irq 5 low level)
Aug 21 02:17:11 ip-172-31-32-215 kernel: [    0.000000] ACPI: INT_SRC_OVR (bus 0 bus_irq 10 global_irq 10 low level)
Aug 21 02:17:11 ip-172-31-32-215 kernel: [    0.000000] ACPI: INT_SRC_OVR (bus 0 bus_irq 11 global_irq 11 low level)
Aug 21 02:17:11 ip-172-31-32-215 kernel: [    0.000000] Using ACPI (MADT) for SMP configuration information
Aug 21 02:17:11 ip-172-31-32-215 kernel: [    0.000000] ACPI: HPET id: 0x8086a201 base: 0xfed00000
Aug 21 02:17:11 ip-172-31-32-215 kernel: [    0.000000] smpboot: Allowing 15 CPUs, 14 hotplug CPUs
Aug 21 02:17:11 ip-172-31-32-215 kernel: [    0.000000] e820: [mem 0x40000000-0xfbffffff] available for PCI devices
Aug 21 02:17:11 ip-172-31-32-215 kernel: [    0.000000] Booting paravirtualized kernel on Xen HVM
Aug 21 02:17:11 ip-172-31-32-215 kernel: [    0.000000] clocksource: refined-jiffies: mask: 0xffffffff max_cycles: 0xffffffff, max_idle_ns: 7645519600211568 ns
Aug 21 02:17:11 ip-172-31-32-215 kernel: [    0.000000] setup_percpu: NR_CPUS:128 nr_cpumask_bits:128 nr_cpu_ids:15 nr_node_ids:1
Aug 21 02:17:11 ip-172-31-32-215 kernel: [    0.000000] percpu: Embedded 34 pages/cpu @ffff88003e200000 s101784 r8192 d29288 u262144
Aug 21 02:17:11 ip-172-31-32-215 kernel: [    0.000000] PV qspinlock hash table entries: 256 (order: 0, 4096 bytes)
Aug 21 02:17:11 ip-172-31-32-215 kernel: [    0.000000] Built 1 zonelists in Node order, mobility grouping on.  Total pages: 257928
Aug 21 02:17:11 ip-172-31-32-215 kernel: [    0.000000] Policy zone: DMA32
Aug 21 02:17:11 ip-172-31-32-215 kernel: [    0.000000] Kernel command line: root=LABEL=/ console=tty1 console=ttyS0 selinux=0 LANG=en_US.UTF-8 KEYTABLE=us
Aug 21 02:17:11 ip-172-31-32-215 kernel: [    0.000000] PID hash table entries: 4096 (order: 3, 32768 bytes)
Aug 21 02:17:11 ip-172-31-32-215 kernel: [    0.000000] Memory: 999504K/1048180K available (5351K kernel code, 1108K rwdata, 2440K rodata, 1256K init, 3124K bss, 48676K reserved, 0K cma-reserved)
Aug 21 02:17:11 ip-172-31-32-215 kernel: [    0.000000] SLUB: HWalign=64, Order=0-3, MinObjects=0, CPUs=15, Nodes=1
Aug 21 02:17:11 ip-172-31-32-215 kernel: [    0.000000] Hierarchical RCU implementation.
Aug 21 02:17:11 ip-172-31-32-215 kernel: [    0.000000] 	Build-time adjustment of leaf fanout to 64.
Aug 21 02:17:11 ip-172-31-32-215 kernel: [    0.000000] 	RCU restricting CPUs from NR_CPUS=128 to nr_cpu_ids=15.
Aug 21 02:17:11 ip-172-31-32-215 kernel: [    0.000000] RCU: Adjusting geometry for rcu_fanout_leaf=64, nr_cpu_ids=15
Aug 21 02:17:11 ip-172-31-32-215 kernel: [    0.000000] NR_IRQS:8448 nr_irqs:952 16
Aug 21 02:17:11 ip-172-31-32-215 kernel: [    0.000000] xen:events: Using 2-level ABI
Aug 21 02:17:11 ip-172-31-32-215 kernel: [    0.000000] xen:events: Xen HVM callback vector for event delivery is enabled
Aug 21 02:17:11 ip-172-31-32-215 kernel: [    0.000000] Console: colour VGA+ 80x25
Aug 21 02:17:11 ip-172-31-32-215 kernel: [    0.000000] console [tty1] enabled
Aug 21 02:17:11 ip-172-31-32-215 kernel: [    0.000000] Cannot get hvm parameter CONSOLE_EVTCHN (18): -22!
Aug 21 02:17:11 ip-172-31-32-215 kernel: [    0.000000] console [ttyS0] enabled
Aug 21 02:17:11 ip-172-31-32-215 kernel: [    0.000000] clocksource: hpet: mask: 0xffffffff max_cycles: 0xffffffff, max_idle_ns: 30580167144 ns
Aug 21 02:17:11 ip-172-31-32-215 kernel: [    0.000000] tsc: PIT calibration matches HPET. 3 loops
Aug 21 02:17:11 ip-172-31-32-215 kernel: [    0.000000] tsc: Detected 2400.104 MHz processor
Aug 21 02:17:11 ip-172-31-32-215 kernel: [    0.088000] Calibrating delay loop (skipped), value calculated using timer frequency.. 4800.15 BogoMIPS (lpj=9600304)
Aug 21 02:17:11 ip-172-31-32-215 kernel: [    0.092007] pid_max: default: 32768 minimum: 301
Aug 21 02:17:11 ip-172-31-32-215 kernel: [    0.104021] ACPI: Core revision 20160831
Aug 21 02:17:11 ip-172-31-32-215 kernel: [    0.112986] ACPI: 3 ACPI AML tables successfully acquired and loaded
Aug 21 02:17:11 ip-172-31-32-215 kernel: [    0.116043] Security Framework initialized
Aug 21 02:17:11 ip-172-31-32-215 kernel: [    0.120096] Dentry cache hash table entries: 131072 (order: 8, 1048576 bytes)
Aug 21 02:17:11 ip-172-31-32-215 kernel: [    0.128198] Inode-cache hash table entries: 65536 (order: 7, 524288 bytes)
Aug 21 02:17:11 ip-172-31-32-215 kernel: [    0.132108] Mount-cache hash table entries: 2048 (order: 2, 16384 bytes)
Aug 21 02:17:11 ip-172-31-32-215 kernel: [    0.140014] Mountpoint-cache hash table entries: 2048 (order: 2, 16384 bytes)
Aug 21 02:17:11 ip-172-31-32-215 kernel: [    0.148251] CPU: Physical Processor ID: 0
Aug 21 02:17:11 ip-172-31-32-215 kernel: [    0.152022] mce: CPU supports 2 MCE banks
Aug 21 02:17:11 ip-172-31-32-215 kernel: [    0.160032] Last level iTLB entries: 4KB 1024, 2MB 1024, 4MB 1024
Aug 21 02:17:11 ip-172-31-32-215 kernel: [    0.168006] Last level dTLB entries: 4KB 1024, 2MB 1024, 4MB 1024, 1GB 4
Aug 21 02:17:11 ip-172-31-32-215 kernel: [    0.189691] ftrace: allocating 21609 entries in 85 pages
Aug 21 02:17:11 ip-172-31-32-215 kernel: [    0.208108] smpboot: Max logical packages: 15
Aug 21 02:17:11 ip-172-31-32-215 kernel: [    0.228412] x2apic: IRQ remapping doesn't support X2APIC mode
Aug 21 02:17:11 ip-172-31-32-215 kernel: [    0.232008] Switched APIC routing to physical flat.
Aug 21 02:17:11 ip-172-31-32-215 kernel: [    0.238231] ..TIMER: vector=0x30 apic1=0 pin1=2 apic2=0 pin2=0
Aug 21 02:17:11 ip-172-31-32-215 kernel: [    0.288450] clocksource: xen: mask: 0xffffffffffffffff max_cycles: 0x1cd42e4dffb, max_idle_ns: 881590591483 ns
Aug 21 02:17:11 ip-172-31-32-215 kernel: [    0.296044] installing Xen timer for CPU 0
Aug 21 02:17:11 ip-172-31-32-215 kernel: [    0.300074] smpboot: CPU0: Intel(R) Xeon(R) CPU E5-2676 v3 @ 2.40GHz (family: 0x6, model: 0x3f, stepping: 0x2)
Aug 21 02:17:11 ip-172-31-32-215 kernel: [    0.308048] cpu 0 spinlock event irq 53
Aug 21 02:17:11 ip-172-31-32-215 kernel: [    0.312012] Performance Events: unsupported p6 CPU model 63 no PMU driver, software events only.
Aug 21 02:17:11 ip-172-31-32-215 kernel: [    0.323905] x86: Booted up 1 node, 1 CPUs
Aug 21 02:17:11 ip-172-31-32-215 kernel: [    0.324013] smpboot: Total of 1 processors activated (4800.15 BogoMIPS)
Aug 21 02:17:11 ip-172-31-32-215 kernel: [    0.328439] devtmpfs: initialized
Aug 21 02:17:11 ip-172-31-32-215 kernel: [    0.332073] x86/mm: Memory block size: 128MB
Aug 21 02:17:11 ip-172-31-32-215 kernel: [    0.337971] clocksource: jiffies: mask: 0xffffffff max_cycles: 0xffffffff, max_idle_ns: 7645041785100000 ns
Aug 21 02:17:11 ip-172-31-32-215 kernel: [    0.340033] futex hash table entries: 4096 (order: 6, 262144 bytes)
Aug 21 02:17:11 ip-172-31-32-215 kernel: [    0.344271] NET: Registered protocol family 16
Aug 21 02:17:11 ip-172-31-32-215 kernel: [    0.348307] cpuidle: using governor ladder
Aug 21 02:17:11 ip-172-31-32-215 kernel: [    0.352017] cpuidle: using governor menu
Aug 21 02:17:11 ip-172-31-32-215 kernel: [    0.356000] ACPI: bus type PCI registered
Aug 21 02:17:11 ip-172-31-32-215 kernel: [    0.356015] acpiphp: ACPI Hot Plug PCI Controller Driver version: 0.5
Aug 21 02:17:11 ip-172-31-32-215 kernel: [    0.360362] PCI: Using configuration type 1 for base access
Aug 21 02:17:11 ip-172-31-32-215 kernel: [    0.365967] HugeTLB registered 2 MB page size, pre-allocated 0 pages
Aug 21 02:17:11 ip-172-31-32-215 kernel: [    0.368263] ACPI: Added _OSI(Module Device)
Aug 21 02:17:11 ip-172-31-32-215 kernel: [    0.372026] ACPI: Added _OSI(Processor Device)
Aug 21 02:17:11 ip-172-31-32-215 kernel: [    0.376013] ACPI: Added _OSI(3.0 _SCP Extensions)
Aug 21 02:17:11 ip-172-31-32-215 kernel: [    0.380013] ACPI: Added _OSI(Processor Aggregator Device)
Aug 21 02:17:11 ip-172-31-32-215 kernel: [    0.388066] ACPI: Interpreter enabled
Aug 21 02:17:11 ip-172-31-32-215 kernel: [    0.392032] ACPI: (supports S0 S3 S5)
Aug 21 02:17:11 ip-172-31-32-215 kernel: [    0.396013] ACPI: Using IOAPIC for interrupt routing
Aug 21 02:17:11 ip-172-31-32-215 kernel: [    0.400061] PCI: Using host bridge windows from ACPI; if necessary, use "pci=nocrs" and report a bug
Aug 21 02:17:11 ip-172-31-32-215 kernel: [    0.478714] ACPI: PCI Root Bridge [PCI0] (domain 0000 [bus 00-ff])
Aug 21 02:17:11 ip-172-31-32-215 kernel: [    0.480032] acpi PNP0A03:00: _OSC: OS supports [Segments MSI]
Aug 21 02:17:11 ip-172-31-32-215 kernel: [    0.484036] acpi PNP0A03:00: _OSC failed (AE_NOT_FOUND); disabling ASPM
Aug 21 02:17:11 ip-172-31-32-215 kernel: [    0.488035] acpi PNP0A03:00: fail to add MMCONFIG information, can't access extended PCI configuration space under this bridge.
Aug 21 02:17:11 ip-172-31-32-215 kernel: [    0.493030] acpiphp: Slot [0] registered
Aug 21 02:17:11 ip-172-31-32-215 kernel: [    0.499510] acpiphp: Slot [3] registered
Aug 21 02:17:11 ip-172-31-32-215 kernel: [    0.501450] acpiphp: Slot [4] registered
Aug 21 02:17:11 ip-172-31-32-215 kernel: [    0.504917] acpiphp: Slot [5] registered
Aug 21 02:17:11 ip-172-31-32-215 kernel: [    0.508793] acpiphp: Slot [6] registered
Aug 21 02:17:11 ip-172-31-32-215 kernel: [    0.512339] acpiphp: Slot [7] registered
Aug 21 02:17:11 ip-172-31-32-215 kernel: [    0.516540] acpiphp: Slot [8] registered
Aug 21 02:17:11 ip-172-31-32-215 kernel: [    0.520669] acpiphp: Slot [9] registered
Aug 21 02:17:11 ip-172-31-32-215 kernel: [    0.524783] acpiphp: Slot [10] registered
Aug 21 02:17:11 ip-172-31-32-215 kernel: [    0.528336] acpiphp: Slot [11] registered
Aug 21 02:17:11 ip-172-31-32-215 kernel: [    0.532667] acpiphp: Slot [12] registered
Aug 21 02:17:11 ip-172-31-32-215 kernel: [    0.536814] acpiphp: Slot [13] registered
Aug 21 02:17:11 ip-172-31-32-215 kernel: [    0.541197] acpiphp: Slot [14] registered
Aug 21 02:17:11 ip-172-31-32-215 kernel: [    0.544342] acpiphp: Slot [15] registered
Aug 21 02:17:11 ip-172-31-32-215 kernel: [    0.548402] acpiphp: Slot [16] registered
Aug 21 02:17:11 ip-172-31-32-215 kernel: [    0.551976] acpiphp: Slot [17] registered
Aug 21 02:17:11 ip-172-31-32-215 kernel: [    0.552426] acpiphp: Slot [18] registered
Aug 21 02:17:11 ip-172-31-32-215 kernel: [    0.555944] acpiphp: Slot [19] registered
Aug 21 02:17:11 ip-172-31-32-215 kernel: [    0.556363] acpiphp: Slot [20] registered
Aug 21 02:17:11 ip-172-31-32-215 kernel: [    0.560318] acpiphp: Slot [21] registered
Aug 21 02:17:11 ip-172-31-32-215 kernel: [    0.564000] acpiphp: Slot [22] registered
Aug 21 02:17:11 ip-172-31-32-215 kernel: [    0.564326] acpiphp: Slot [23] registered
Aug 21 02:17:11 ip-172-31-32-215 kernel: [    0.568111] acpiphp: Slot [24] registered
Aug 21 02:17:11 ip-172-31-32-215 kernel: [    0.571819] acpiphp: Slot [25] registered
Aug 21 02:17:11 ip-172-31-32-215 kernel: [    0.572396] acpiphp: Slot [26] registered
Aug 21 02:17:11 ip-172-31-32-215 kernel: [    0.575969] acpiphp: Slot [27] registered
Aug 21 02:17:11 ip-172-31-32-215 kernel: [    0.576305] acpiphp: Slot [28] registered
Aug 21 02:17:11 ip-172-31-32-215 kernel: [    0.579697] acpiphp: Slot [29] registered
Aug 21 02:17:11 ip-172-31-32-215 kernel: [    0.580424] acpiphp: Slot [30] registered
Aug 21 02:17:11 ip-172-31-32-215 kernel: [    0.584333] acpiphp: Slot [31] registered
Aug 21 02:17:11 ip-172-31-32-215 kernel: [    0.587703] PCI host bridge to bus 0000:00
Aug 21 02:17:11 ip-172-31-32-215 kernel: [    0.588014] pci_bus 0000:00: root bus resource [io  0x0000-0x0cf7 window]
Aug 21 02:17:11 ip-172-31-32-215 kernel: [    0.592013] pci_bus 0000:00: root bus resource [io  0x0d00-0xffff window]
Aug 21 02:17:11 ip-172-31-32-215 kernel: [    0.596015] pci_bus 0000:00: root bus resource [mem 0x000a0000-0x000bffff window]
Aug 21 02:17:11 ip-172-31-32-215 kernel: [    0.600014] pci_bus 0000:00: root bus resource [mem 0xf0000000-0xfbffffff window]
Aug 21 02:17:11 ip-172-31-32-215 kernel: [    0.604014] pci_bus 0000:00: root bus resource [bus 00-ff]
Aug 21 02:17:11 ip-172-31-32-215 kernel: [    0.614533] pci 0000:00:01.1: legacy IDE quirk: reg 0x10: [io  0x01f0-0x01f7]
Aug 21 02:17:11 ip-172-31-32-215 kernel: [    0.616013] pci 0000:00:01.1: legacy IDE quirk: reg 0x14: [io  0x03f6]
Aug 21 02:17:11 ip-172-31-32-215 kernel: [    0.620009] pci 0000:00:01.1: legacy IDE quirk: reg 0x18: [io  0x0170-0x0177]
Aug 21 02:17:11 ip-172-31-32-215 kernel: [    0.624013] pci 0000:00:01.1: legacy IDE quirk: reg 0x1c: [io  0x0376]
Aug 21 02:17:11 ip-172-31-32-215 kernel: [    0.629024] * Found PM-Timer Bug on the chipset. Due to workarounds for a bug,
Aug 21 02:17:11 ip-172-31-32-215 kernel: [    0.629024] * this clock source is slow. Consider trying other clock sources
Aug 21 02:17:11 ip-172-31-32-215 kernel: [    0.633303] pci 0000:00:01.3: quirk: [io  0xb000-0xb03f] claimed by PIIX4 ACPI
Aug 21 02:17:11 ip-172-31-32-215 kernel: [    0.643181] ACPI: PCI Interrupt Link [LNKA] (IRQs *5 10 11)
Aug 21 02:17:11 ip-172-31-32-215 kernel: [    0.647966] ACPI: PCI Interrupt Link [LNKB] (IRQs 5 *10 11)
Aug 21 02:17:11 ip-172-31-32-215 kernel: [    0.658634] ACPI: PCI Interrupt Link [LNKC] (IRQs 5 10 *11)
Aug 21 02:17:11 ip-172-31-32-215 kernel: [    0.666424] ACPI: PCI Interrupt Link [LNKD] (IRQs *5 10 11)
Aug 21 02:17:11 ip-172-31-32-215 kernel: [    0.708000] ACPI: Enabled 2 GPEs in block 00 to 0F
Aug 21 02:17:11 ip-172-31-32-215 kernel: [    0.708257] xen:balloon: Initialising balloon driver
Aug 21 02:17:11 ip-172-31-32-215 kernel: [    0.720971] vgaarb: setting as boot device: PCI:0000:00:02.0
Aug 21 02:17:11 ip-172-31-32-215 kernel: [    0.724000] vgaarb: device added: PCI:0000:00:02.0,decodes=io+mem,owns=io+mem,locks=none
Aug 21 02:17:11 ip-172-31-32-215 kernel: [    0.724028] vgaarb: loaded
Aug 21 02:17:11 ip-172-31-32-215 kernel: [    0.727876] vgaarb: bridge control possible 0000:00:02.0
Aug 21 02:17:11 ip-172-31-32-215 kernel: [    0.728347] PCI: Using ACPI for IRQ routing
Aug 21 02:17:11 ip-172-31-32-215 kernel: [    0.732824] NetLabel: Initializing
Aug 21 02:17:11 ip-172-31-32-215 kernel: [    0.736011] NetLabel:  domain hash size = 128
Aug 21 02:17:11 ip-172-31-32-215 kernel: [    0.739409] NetLabel:  protocols = UNLABELED CIPSOv4
Aug 21 02:17:11 ip-172-31-32-215 kernel: [    0.740029] NetLabel:  unlabeled traffic allowed by default
Aug 21 02:17:11 ip-172-31-32-215 kernel: [    0.744042] HPET: 3 timers in total, 0 timers will be used for per-cpu timer
Aug 21 02:17:11 ip-172-31-32-215 kernel: [    0.748025] hpet0: at MMIO 0xfed00000, IRQs 2, 8, 0
Aug 21 02:17:11 ip-172-31-32-215 kernel: [    0.756009] hpet0: 3 comparators, 64-bit 62.500000 MHz counter
Aug 21 02:17:11 ip-172-31-32-215 kernel: [    0.763216] clocksource: Switched to clocksource xen
Aug 21 02:17:11 ip-172-31-32-215 kernel: [    0.773196] VFS: Disk quotas dquot_6.6.0
Aug 21 02:17:11 ip-172-31-32-215 kernel: [    0.776941] VFS: Dquot-cache hash table entries: 512 (order 0, 4096 bytes)
Aug 21 02:17:11 ip-172-31-32-215 kernel: [    0.783302] pnp: PnP ACPI init
Aug 21 02:17:11 ip-172-31-32-215 kernel: [    0.785846] system 00:00: [mem 0x00000000-0x0009ffff] could not be reserved
Aug 21 02:17:11 ip-172-31-32-215 kernel: [    0.790258] system 00:01: [io  0x08a0-0x08a3] has been reserved
Aug 21 02:17:11 ip-172-31-32-215 kernel: [    0.794351] system 00:01: [io  0x0cc0-0x0ccf] has been reserved
Aug 21 02:17:11 ip-172-31-32-215 kernel: [    0.798725] system 00:01: [io  0x04d0-0x04d1] has been reserved
Aug 21 02:17:11 ip-172-31-32-215 kernel: [    0.809645] system 00:07: [io  0x10c0-0x1141] has been reserved
Aug 21 02:17:11 ip-172-31-32-215 kernel: [    0.818665] system 00:07: [io  0xb044-0xb047] has been reserved
Aug 21 02:17:11 ip-172-31-32-215 kernel: [    0.836265] random: fast init done
Aug 21 02:17:11 ip-172-31-32-215 kernel: [    0.901949] pnp: PnP ACPI: found 8 devices
Aug 21 02:17:11 ip-172-31-32-215 kernel: [    0.912894] clocksource: acpi_pm: mask: 0xffffff max_cycles: 0xffffff, max_idle_ns: 2085701024 ns
Aug 21 02:17:11 ip-172-31-32-215 kernel: [    0.920182] NET: Registered protocol family 2
Aug 21 02:17:11 ip-172-31-32-215 kernel: [    0.926517] TCP established hash table entries: 8192 (order: 4, 65536 bytes)
Aug 21 02:17:11 ip-172-31-32-215 kernel: [    0.935660] TCP bind hash table entries: 8192 (order: 5, 131072 bytes)
Aug 21 02:17:11 ip-172-31-32-215 kernel: [    0.944404] TCP: Hash tables configured (established 8192 bind 8192)
Aug 21 02:17:11 ip-172-31-32-215 kernel: [    0.952802] UDP hash table entries: 512 (order: 2, 16384 bytes)
Aug 21 02:17:11 ip-172-31-32-215 kernel: [    0.960347] UDP-Lite hash table entries: 512 (order: 2, 16384 bytes)
Aug 21 02:17:11 ip-172-31-32-215 kernel: [    0.969309] NET: Registered protocol family 1
Aug 21 02:17:11 ip-172-31-32-215 kernel: [    0.975614] pci 0000:00:00.0: Limiting direct PCI/PCI transfers
Aug 21 02:17:11 ip-172-31-32-215 kernel: [    0.982522] pci 0000:00:01.0: PIIX3: Enabling Passive Release
Aug 21 02:17:11 ip-172-31-32-215 kernel: [    0.989759] pci 0000:00:01.0: Activating ISA DMA hang workarounds
Aug 21 02:17:11 ip-172-31-32-215 kernel: [    0.996890] pci 0000:00:02.0: Video device with shadowed ROM at [mem 0x000c0000-0x000dffff]
Aug 21 02:17:11 ip-172-31-32-215 kernel: [    1.009314] Unpacking initramfs...
Aug 21 02:17:11 ip-172-31-32-215 kernel: [    1.216878] Freeing initrd memory: 14176K
Aug 21 02:17:11 ip-172-31-32-215 kernel: [    1.220820] audit: initializing netlink subsys (disabled)
Aug 21 02:17:11 ip-172-31-32-215 kernel: [    1.225851] audit: type=2000 audit(1503281827.075:1): initialized
Aug 21 02:17:11 ip-172-31-32-215 kernel: [    1.230585] Initialise system trusted keyrings
Aug 21 02:17:11 ip-172-31-32-215 kernel: [    1.234377] workingset: timestamp_bits=36 max_order=18 bucket_order=0
Aug 21 02:17:11 ip-172-31-32-215 kernel: [    1.277887] Key type asymmetric registered
Aug 21 02:17:11 ip-172-31-32-215 kernel: [    1.281499] Asymmetric key parser 'x509' registered
Aug 21 02:17:11 ip-172-31-32-215 kernel: [    1.286492] Block layer SCSI generic (bsg) driver version 0.4 loaded (major 254)
Aug 21 02:17:11 ip-172-31-32-215 kernel: [    1.292532] io scheduler noop registered (default)
Aug 21 02:17:11 ip-172-31-32-215 kernel: [    1.296245] pci_hotplug: PCI Hot Plug PCI Core version: 0.5
Aug 21 02:17:11 ip-172-31-32-215 kernel: [    1.301143] xen:grant_table: Grant tables using version 1 layout
Aug 21 02:17:11 ip-172-31-32-215 kernel: [    1.307169] Grant table initialized
Aug 21 02:17:11 ip-172-31-32-215 kernel: [    1.311278] Cannot get hvm parameter CONSOLE_EVTCHN (18): -22!
Aug 21 02:17:11 ip-172-31-32-215 kernel: [    1.315797] Serial: 8250/16550 driver, 4 ports, IRQ sharing disabled
Aug 21 02:17:11 ip-172-31-32-215 kernel: [    1.370773] 00:06: ttyS0 at I/O 0x3f8 (irq = 4, base_baud = 115200) is a 16550A
Aug 21 02:17:11 ip-172-31-32-215 kernel: [    1.385847] xen_netfront: Initialising Xen virtual ethernet driver
Aug 21 02:17:11 ip-172-31-32-215 kernel: [    1.394247] i8042: PNP: PS/2 Controller [PNP0303:PS2K,PNP0f13:PS2M] at 0x60,0x64 irq 1,12
Aug 21 02:17:11 ip-172-31-32-215 kernel: [    1.406698] serio: i8042 KBD port at 0x60,0x64 irq 1
Aug 21 02:17:11 ip-172-31-32-215 kernel: [    1.410444] serio: i8042 AUX port at 0x60,0x64 irq 12
Aug 21 02:17:11 ip-172-31-32-215 kernel: [    1.413964] hidraw: raw HID events driver (C) Jiri Kosina
Aug 21 02:17:11 ip-172-31-32-215 kernel: [    1.417992] Invalid max_queues (4), will use default max: 1.
Aug 21 02:17:11 ip-172-31-32-215 kernel: [    1.426102] input: AT Translated Set 2 keyboard as /devices/platform/i8042/serio0/input/input0
Aug 21 02:17:11 ip-172-31-32-215 kernel: [    1.436914] NET: Registered protocol family 17
Aug 21 02:17:11 ip-172-31-32-215 kernel: [    1.445895] registered taskstats version 1
Aug 21 02:17:11 ip-172-31-32-215 kernel: [    1.449734] Loading compiled-in X.509 certificates
Aug 21 02:17:11 ip-172-31-32-215 kernel: [    1.454730] alg: No test for pkcs1pad(rsa,sha256) (pkcs1pad(rsa-generic,sha256))
Aug 21 02:17:11 ip-172-31-32-215 kernel: [    1.463920] Loaded X.509 cert 'Build time autogenerated kernel key: f594370f8a3388b7903e8ca19089efc134b59016'
Aug 21 02:17:11 ip-172-31-32-215 kernel: [    1.471621] zswap: default zpool zbud not available
Aug 21 02:17:11 ip-172-31-32-215 kernel: [    1.475359] zswap: pool creation failed
Aug 21 02:17:11 ip-172-31-32-215 kernel: [    1.510781] blkfront: xvda: barrier or flush: disabled; persistent grants: disabled; indirect descriptors: enabled;
Aug 21 02:17:11 ip-172-31-32-215 kernel: [    1.529094]  xvda: xvda1
Aug 21 02:17:11 ip-172-31-32-215 kernel: [    1.582238] Freeing unused kernel memory: 1256K
Aug 21 02:17:11 ip-172-31-32-215 kernel: [    1.586123] Write protecting the kernel read-only data: 10240k
Aug 21 02:17:11 ip-172-31-32-215 kernel: [    1.590551] Freeing unused kernel memory: 776K
Aug 21 02:17:11 ip-172-31-32-215 kernel: [    1.597011] Freeing unused kernel memory: 1656K
Aug 21 02:17:11 ip-172-31-32-215 kernel: [    1.612704] dm_mod: module verification failed: signature and/or required key missing - tainting kernel
Aug 21 02:17:11 ip-172-31-32-215 kernel: [    1.619486] device-mapper: uevent: version 1.0.3
Aug 21 02:17:11 ip-172-31-32-215 kernel: [    1.623697] device-mapper: ioctl: 4.35.0-ioctl (2016-06-23) initialised: dm-devel@redhat.com
Aug 21 02:17:11 ip-172-31-32-215 kernel: [    1.667808] SCSI subsystem initialized
Aug 21 02:17:11 ip-172-31-32-215 kernel: [    1.751101] scsi host0: ata_piix
Aug 21 02:17:11 ip-172-31-32-215 kernel: [    1.774251] scsi host1: ata_piix
Aug 21 02:17:11 ip-172-31-32-215 kernel: [    1.777060] ata1: PATA max MWDMA2 cmd 0x1f0 ctl 0x3f6 bmdma 0xc100 irq 14
Aug 21 02:17:11 ip-172-31-32-215 kernel: [    1.781689] ata2: PATA max MWDMA2 cmd 0x170 ctl 0x376 bmdma 0xc108 irq 15
Aug 21 02:17:11 ip-172-31-32-215 kernel: [    2.007991] EXT4-fs (xvda1): mounted filesystem with ordered data mode. Opts: (null)
Aug 21 02:17:11 ip-172-31-32-215 kernel: [    2.026848] EXT4-fs (xvda1): mounted filesystem with ordered data mode. Opts: (null)
Aug 21 02:17:11 ip-172-31-32-215 kernel: [    2.240118] tsc: Refined TSC clocksource calibration: 2400.000 MHz
Aug 21 02:17:11 ip-172-31-32-215 kernel: [    2.246101] clocksource: tsc: mask: 0xffffffffffffffff max_cycles: 0x22983777dd9, max_idle_ns: 440795300422 ns
Aug 21 02:17:11 ip-172-31-32-215 kernel: [    2.377019] input: Power Button as /devices/LNXSYSTM:00/LNXPWRBN:00/input/input3
Aug 21 02:17:11 ip-172-31-32-215 kernel: [    2.388165] ACPI: Power Button [PWRF]
Aug 21 02:17:11 ip-172-31-32-215 kernel: [    2.391063] input: Sleep Button as /devices/LNXSYSTM:00/LNXSLPBN:00/input/input4
Aug 21 02:17:11 ip-172-31-32-215 kernel: [    2.409499] ACPI: Sleep Button [SLPF]
Aug 21 02:17:11 ip-172-31-32-215 kernel: [    2.440014] input: ImExPS/2 Generic Explorer Mouse as /devices/platform/i8042/serio1/input/input5
Aug 21 02:17:11 ip-172-31-32-215 kernel: [    2.594577] mousedev: PS/2 mouse device common for all mice
Aug 21 02:17:11 ip-172-31-32-215 kernel: [    3.682358] EXT4-fs (xvda1): re-mounted. Opts: (null)
Aug 21 02:17:11 ip-172-31-32-215 kernel: [    3.906785] NET: Registered protocol family 10
Aug 21 02:17:11 ip-172-31-32-215 kernel: [    5.956342] audit: type=1305 audit(1503281831.807:2): audit_pid=2237 old=0 auid=4294967295 ses=4294967295 res=1
Aug 21 02:17:11 ip-172-31-32-215 irqbalance: Balancing is ineffective on systems with a single cpu.  Shutting down
Aug 21 02:17:12 ip-172-31-32-215 kernel: [    6.187459] random: crng init done
Aug 21 02:17:12 ip-172-31-32-215 rpc.statd[2319]: Version 1.3.0 starting
Aug 21 02:17:12 ip-172-31-32-215 sm-notify[2320]: Version 1.3.0 starting
Aug 21 02:17:12 ip-172-31-32-215 acpid: starting up with netlink and the input layer
Aug 21 02:17:12 ip-172-31-32-215 acpid: skipping incomplete file /etc/acpi/events/videoconf
Aug 21 02:17:12 ip-172-31-32-215 acpid: 1 rule loaded
Aug 21 02:17:12 ip-172-31-32-215 acpid: waiting for events: event logging is off
Aug 21 02:17:12 ip-172-31-32-215 udevadm[2392]: --type=failed is deprecated and will be removed from a future udev release.
Aug 21 02:17:12 ip-172-31-32-215 ec2net: [ec2ifscan] Scanning for unconfigured interfaces
Aug 21 02:17:12 ip-172-31-32-215 dhclient[2190]: XMT: Solicit on eth0, interval 1020ms.
Aug 21 02:17:13 ip-172-31-32-215 dhclient[2190]: XMT: Solicit on eth0, interval 2130ms.
Aug 21 02:17:13 ip-172-31-32-215 ntpd[2494]: ntpd 4.2.6p5@1.2349-o Wed Apr 19 22:27:48 UTC 2017 (1)
Aug 21 02:17:13 ip-172-31-32-215 ntpd[2495]: proto: precision = 0.105 usec
Aug 21 02:17:13 ip-172-31-32-215 ntpd[2495]: 0.0.0.0 c01d 0d kern kernel time sync enabled
Aug 21 02:17:13 ip-172-31-32-215 ntpd[2495]: Listen and drop on 0 v4wildcard 0.0.0.0 UDP 123
Aug 21 02:17:13 ip-172-31-32-215 ntpd[2495]: Listen normally on 1 lo 127.0.0.1 UDP 123
Aug 21 02:17:13 ip-172-31-32-215 ntpd[2495]: Listen normally on 2 eth0 172.31.32.215 UDP 123
Aug 21 02:17:13 ip-172-31-32-215 ntpd[2495]: Listening on routing socket on fd #19 for interface updates
Aug 21 02:17:15 ip-172-31-32-215 dhclient[2190]: XMT: Solicit on eth0, interval 4270ms.
Aug 21 02:17:20 ip-172-31-32-215 dhclient[2190]: XMT: Solicit on eth0, interval 8860ms.
Aug 21 02:17:29 ip-172-31-32-215 dhclient[2190]: XMT: Solicit on eth0, interval 18450ms.
Aug 21 02:17:48 ip-172-31-32-215 dhclient[2190]: XMT: Solicit on eth0, interval 36250ms.
Aug 21 02:18:24 ip-172-31-32-215 dhclient[2190]: XMT: Solicit on eth0, interval 69140ms.
Aug 21 02:19:33 ip-172-31-32-215 dhclient[2190]: XMT: Solicit on eth0, interval 125080ms.
Aug 21 02:21:38 ip-172-31-32-215 dhclient[2190]: XMT: Solicit on eth0, interval 119370ms.
Aug 21 02:23:38 ip-172-31-32-215 dhclient[2190]: XMT: Solicit on eth0, interval 126370ms.
Aug 21 02:25:25 ip-172-31-32-215 init: serial (ttyS0) main process (2574) killed by TERM signal
Aug 21 02:25:25 ip-172-31-32-215 init: tty (/dev/tty1) main process (2576) killed by TERM signal
Aug 21 02:25:25 ip-172-31-32-215 init: tty (/dev/tty2) main process (2579) killed by TERM signal
Aug 21 02:25:25 ip-172-31-32-215 init: tty (/dev/tty3) main process (2582) killed by TERM signal
Aug 21 02:25:25 ip-172-31-32-215 init: tty (/dev/tty4) main process (2584) killed by TERM signal
Aug 21 02:25:25 ip-172-31-32-215 init: tty (/dev/tty5) main process (2586) killed by TERM signal
Aug 21 02:25:25 ip-172-31-32-215 init: tty (/dev/tty6) main process (2588) killed by TERM signal
Aug 21 02:25:25 ip-172-31-32-215 init: plymouth-shutdown main process (2616) terminated with status 1
Aug 21 02:25:25 ip-172-31-32-215 init: splash-manager main process (2611) terminated with status 1
Aug 21 02:25:26 ip-172-31-32-215 acpid: exiting
Aug 21 02:25:26 ip-172-31-32-215 ntpd[2495]: ntpd exiting on signal 15
Aug 21 02:25:26 ip-172-31-32-215 init: Disconnected from system bus
Aug 21 02:25:26 ip-172-31-32-215 rpcbind: rpcbind terminating on signal. Restart with "rpcbind -w"
Aug 21 02:25:26 ip-172-31-32-215 auditd[2237]: The audit daemon is exiting.
Aug 21 02:25:26 ip-172-31-32-215 kernel: [  500.119091] audit: type=1305 audit(1503282326.805:24): audit_pid=0 old=2237 auid=4294967295 ses=4294967295 res=1
Aug 21 02:25:26 ip-172-31-32-215 kernel: [  500.214505] audit: type=1305 audit(1503282326.901:25): audit_enabled=0 old=1 auid=4294967295 ses=4294967295 res=1
Aug 21 02:25:26 ip-172-31-32-215 kernel: Kernel logging (proc) stopped.
Aug 21 02:25:26 ip-172-31-32-215 rsyslogd: [origin software="rsyslogd" swVersion="5.8.10" x-pid="2258" x-info="http://www.rsyslog.com"] exiting on signal 15.
Aug 21 02:26:32 ip-172-31-32-215 kernel: imklog 5.8.10, log source = /proc/kmsg started.
Aug 21 02:26:32 ip-172-31-32-215 rsyslogd: [origin software="rsyslogd" swVersion="5.8.10" x-pid="2257" x-info="http://www.rsyslog.com"] start
Aug 21 02:26:32 ip-172-31-32-215 kernel: [    0.000000] Linux version 4.9.43-17.38.amzn1.x86_64 (mockbuild@gobi-build-60008) (gcc version 4.8.3 20140911 (Red Hat 4.8.3-9) (GCC) ) #1 SMP Thu Aug 17 00:20:39 UTC 2017
Aug 21 02:26:32 ip-172-31-32-215 kernel: [    0.000000] Command line: root=LABEL=/ console=tty1 console=ttyS0 selinux=0 LANG=en_US.UTF-8 KEYTABLE=us
Aug 21 02:26:32 ip-172-31-32-215 kernel: [    0.000000] x86/fpu: Supporting XSAVE feature 0x001: 'x87 floating point registers'
Aug 21 02:26:32 ip-172-31-32-215 kernel: [    0.000000] x86/fpu: Supporting XSAVE feature 0x002: 'SSE registers'
Aug 21 02:26:32 ip-172-31-32-215 kernel: [    0.000000] x86/fpu: Supporting XSAVE feature 0x004: 'AVX registers'
Aug 21 02:26:32 ip-172-31-32-215 kernel: [    0.000000] x86/fpu: xstate_offset[2]:  576, xstate_sizes[2]:  256
Aug 21 02:26:32 ip-172-31-32-215 kernel: [    0.000000] x86/fpu: Enabled xstate features 0x7, context size is 832 bytes, using 'standard' format.
Aug 21 02:26:32 ip-172-31-32-215 kernel: [    0.000000] x86/fpu: Using 'eager' FPU context switches.
Aug 21 02:26:32 ip-172-31-32-215 kernel: [    0.000000] e820: BIOS-provided physical RAM map:
Aug 21 02:26:32 ip-172-31-32-215 kernel: [    0.000000] BIOS-e820: [mem 0x0000000000000000-0x000000000009dfff] usable
Aug 21 02:26:32 ip-172-31-32-215 kernel: [    0.000000] BIOS-e820: [mem 0x000000000009e000-0x000000000009ffff] reserved
Aug 21 02:26:32 ip-172-31-32-215 kernel: [    0.000000] BIOS-e820: [mem 0x00000000000e0000-0x00000000000fffff] reserved
Aug 21 02:26:32 ip-172-31-32-215 kernel: [    0.000000] BIOS-e820: [mem 0x0000000000100000-0x000000003fffffff] usable
Aug 21 02:26:32 ip-172-31-32-215 kernel: [    0.000000] BIOS-e820: [mem 0x00000000fc000000-0x00000000ffffffff] reserved
Aug 21 02:26:32 ip-172-31-32-215 kernel: [    0.000000] NX (Execute Disable) protection: active
Aug 21 02:26:32 ip-172-31-32-215 kernel: [    0.000000] SMBIOS 2.4 present.
Aug 21 02:26:32 ip-172-31-32-215 kernel: [    0.000000] Hypervisor detected: Xen
Aug 21 02:26:32 ip-172-31-32-215 kernel: [    0.000000] Xen version 4.2.
Aug 21 02:26:32 ip-172-31-32-215 kernel: [    0.000000] Netfront and the Xen platform PCI driver have been compiled for this kernel: unplug emulated NICs.
Aug 21 02:26:32 ip-172-31-32-215 kernel: [    0.000000] Blkfront and the Xen platform PCI driver have been compiled for this kernel: unplug emulated disks.
Aug 21 02:26:32 ip-172-31-32-215 kernel: [    0.000000] You might have to change the root device
Aug 21 02:26:32 ip-172-31-32-215 kernel: [    0.000000] from /dev/hd[a-d] to /dev/xvd[a-d]
Aug 21 02:26:32 ip-172-31-32-215 kernel: [    0.000000] in your root= kernel command line option
Aug 21 02:26:32 ip-172-31-32-215 kernel: [    0.000000] e820: last_pfn = 0x40000 max_arch_pfn = 0x400000000
Aug 21 02:26:32 ip-172-31-32-215 kernel: [    0.000000] x86/PAT: Configuration [0-7]: WB  WC  UC- UC  WB  WC  UC- WT  
Aug 21 02:26:32 ip-172-31-32-215 kernel: [    0.000000] found SMP MP-table at [mem 0x000fbc20-0x000fbc2f] mapped at [ffff8800000fbc20]
Aug 21 02:26:32 ip-172-31-32-215 kernel: [    0.000000] RAMDISK: [mem 0x37218000-0x37feffff]
Aug 21 02:26:32 ip-172-31-32-215 kernel: [    0.000000] ACPI: Early table checksum verification disabled
Aug 21 02:26:32 ip-172-31-32-215 kernel: [    0.000000] ACPI: RSDP 0x00000000000EA020 000024 (v02 Xen   )
Aug 21 02:26:32 ip-172-31-32-215 kernel: [    0.000000] ACPI: XSDT 0x00000000FC00DDC0 000054 (v01 Xen    HVM      00000000 HVML 00000000)
Aug 21 02:26:32 ip-172-31-32-215 kernel: [    0.000000] ACPI: FACP 0x00000000FC00DA80 0000F4 (v04 Xen    HVM      00000000 HVML 00000000)
Aug 21 02:26:32 ip-172-31-32-215 kernel: [    0.000000] ACPI: DSDT 0x00000000FC001CE0 00BD19 (v02 Xen    HVM      00000000 INTL 20090123)
Aug 21 02:26:32 ip-172-31-32-215 kernel: [    0.000000] ACPI: FACS 0x00000000FC001CA0 000040
Aug 21 02:26:32 ip-172-31-32-215 kernel: [    0.000000] ACPI: FACS 0x00000000FC001CA0 000040
Aug 21 02:26:32 ip-172-31-32-215 kernel: [    0.000000] ACPI: APIC 0x00000000FC00DB80 0000D8 (v02 Xen    HVM      00000000 HVML 00000000)
Aug 21 02:26:32 ip-172-31-32-215 kernel: [    0.000000] ACPI: HPET 0x00000000FC00DCD0 000038 (v01 Xen    HVM      00000000 HVML 00000000)
Aug 21 02:26:32 ip-172-31-32-215 kernel: [    0.000000] ACPI: WAET 0x00000000FC00DD10 000028 (v01 Xen    HVM      00000000 HVML 00000000)
Aug 21 02:26:32 ip-172-31-32-215 kernel: [    0.000000] ACPI: SSDT 0x00000000FC00DD40 000031 (v02 Xen    HVM      00000000 INTL 20090123)
Aug 21 02:26:32 ip-172-31-32-215 kernel: [    0.000000] ACPI: SSDT 0x00000000FC00DD80 000031 (v02 Xen    HVM      00000000 INTL 20090123)
Aug 21 02:26:32 ip-172-31-32-215 kernel: [    0.000000] No NUMA configuration found
Aug 21 02:26:32 ip-172-31-32-215 kernel: [    0.000000] Faking a node at [mem 0x0000000000000000-0x000000003fffffff]
Aug 21 02:26:32 ip-172-31-32-215 kernel: [    0.000000] NODE_DATA(0) allocated [mem 0x3ffde000-0x3fffffff]
Aug 21 02:26:32 ip-172-31-32-215 kernel: [    0.000000] Zone ranges:
Aug 21 02:26:32 ip-172-31-32-215 kernel: [    0.000000]   DMA      [mem 0x0000000000001000-0x0000000000ffffff]
Aug 21 02:26:32 ip-172-31-32-215 kernel: [    0.000000]   DMA32    [mem 0x0000000001000000-0x000000003fffffff]
Aug 21 02:26:32 ip-172-31-32-215 kernel: [    0.000000]   Normal   empty
Aug 21 02:26:32 ip-172-31-32-215 kernel: [    0.000000] Movable zone start for each node
Aug 21 02:26:32 ip-172-31-32-215 kernel: [    0.000000] Early memory node ranges
Aug 21 02:26:32 ip-172-31-32-215 kernel: [    0.000000]   node   0: [mem 0x0000000000001000-0x000000000009dfff]
Aug 21 02:26:32 ip-172-31-32-215 kernel: [    0.000000]   node   0: [mem 0x0000000000100000-0x000000003fffffff]
Aug 21 02:26:32 ip-172-31-32-215 kernel: [    0.000000] Initmem setup node 0 [mem 0x0000000000001000-0x000000003fffffff]
Aug 21 02:26:32 ip-172-31-32-215 kernel: [    0.000000] ACPI: PM-Timer IO Port: 0xb008
Aug 21 02:26:32 ip-172-31-32-215 kernel: [    0.000000] IOAPIC[0]: apic_id 1, version 17, address 0xfec00000, GSI 0-47
Aug 21 02:26:32 ip-172-31-32-215 kernel: [    0.000000] ACPI: INT_SRC_OVR (bus 0 bus_irq 0 global_irq 2 dfl dfl)
Aug 21 02:26:32 ip-172-31-32-215 kernel: [    0.000000] ACPI: INT_SRC_OVR (bus 0 bus_irq 5 global_irq 5 low level)
Aug 21 02:26:32 ip-172-31-32-215 kernel: [    0.000000] ACPI: INT_SRC_OVR (bus 0 bus_irq 10 global_irq 10 low level)
Aug 21 02:26:32 ip-172-31-32-215 kernel: [    0.000000] ACPI: INT_SRC_OVR (bus 0 bus_irq 11 global_irq 11 low level)
Aug 21 02:26:32 ip-172-31-32-215 kernel: [    0.000000] Using ACPI (MADT) for SMP configuration information
Aug 21 02:26:32 ip-172-31-32-215 kernel: [    0.000000] ACPI: HPET id: 0x8086a201 base: 0xfed00000
Aug 21 02:26:32 ip-172-31-32-215 kernel: [    0.000000] smpboot: Allowing 15 CPUs, 14 hotplug CPUs
Aug 21 02:26:32 ip-172-31-32-215 kernel: [    0.000000] e820: [mem 0x40000000-0xfbffffff] available for PCI devices
Aug 21 02:26:32 ip-172-31-32-215 kernel: [    0.000000] Booting paravirtualized kernel on Xen HVM
Aug 21 02:26:32 ip-172-31-32-215 kernel: [    0.000000] clocksource: refined-jiffies: mask: 0xffffffff max_cycles: 0xffffffff, max_idle_ns: 7645519600211568 ns
Aug 21 02:26:32 ip-172-31-32-215 kernel: [    0.000000] setup_percpu: NR_CPUS:128 nr_cpumask_bits:128 nr_cpu_ids:15 nr_node_ids:1
Aug 21 02:26:32 ip-172-31-32-215 kernel: [    0.000000] percpu: Embedded 34 pages/cpu @ffff88003e200000 s101784 r8192 d29288 u262144
Aug 21 02:26:32 ip-172-31-32-215 kernel: [    0.000000] PV qspinlock hash table entries: 256 (order: 0, 4096 bytes)
Aug 21 02:26:32 ip-172-31-32-215 kernel: [    0.000000] Built 1 zonelists in Node order, mobility grouping on.  Total pages: 257928
Aug 21 02:26:32 ip-172-31-32-215 kernel: [    0.000000] Policy zone: DMA32
Aug 21 02:26:32 ip-172-31-32-215 kernel: [    0.000000] Kernel command line: root=LABEL=/ console=tty1 console=ttyS0 selinux=0 LANG=en_US.UTF-8 KEYTABLE=us
Aug 21 02:26:32 ip-172-31-32-215 kernel: [    0.000000] PID hash table entries: 4096 (order: 3, 32768 bytes)
Aug 21 02:26:32 ip-172-31-32-215 kernel: [    0.000000] Memory: 999504K/1048180K available (5351K kernel code, 1108K rwdata, 2440K rodata, 1256K init, 3124K bss, 48676K reserved, 0K cma-reserved)
Aug 21 02:26:32 ip-172-31-32-215 kernel: [    0.000000] SLUB: HWalign=64, Order=0-3, MinObjects=0, CPUs=15, Nodes=1
Aug 21 02:26:32 ip-172-31-32-215 kernel: [    0.000000] Hierarchical RCU implementation.
Aug 21 02:26:32 ip-172-31-32-215 kernel: [    0.000000] 	Build-time adjustment of leaf fanout to 64.
Aug 21 02:26:32 ip-172-31-32-215 kernel: [    0.000000] 	RCU restricting CPUs from NR_CPUS=128 to nr_cpu_ids=15.
Aug 21 02:26:32 ip-172-31-32-215 kernel: [    0.000000] RCU: Adjusting geometry for rcu_fanout_leaf=64, nr_cpu_ids=15
Aug 21 02:26:32 ip-172-31-32-215 kernel: [    0.000000] NR_IRQS:8448 nr_irqs:952 16
Aug 21 02:26:32 ip-172-31-32-215 kernel: [    0.000000] xen:events: Using 2-level ABI
Aug 21 02:26:32 ip-172-31-32-215 kernel: [    0.000000] xen:events: Xen HVM callback vector for event delivery is enabled
Aug 21 02:26:32 ip-172-31-32-215 kernel: [    0.000000] Console: colour VGA+ 80x25
Aug 21 02:26:32 ip-172-31-32-215 kernel: [    0.000000] console [tty1] enabled
Aug 21 02:26:32 ip-172-31-32-215 kernel: [    0.000000] Cannot get hvm parameter CONSOLE_EVTCHN (18): -22!
Aug 21 02:26:32 ip-172-31-32-215 kernel: [    0.000000] console [ttyS0] enabled
Aug 21 02:26:32 ip-172-31-32-215 kernel: [    0.000000] clocksource: hpet: mask: 0xffffffff max_cycles: 0xffffffff, max_idle_ns: 30580167144 ns
Aug 21 02:26:32 ip-172-31-32-215 kernel: [    0.000000] tsc: Fast TSC calibration using PIT
Aug 21 02:26:32 ip-172-31-32-215 kernel: [    0.000000] tsc: Detected 2400.262 MHz processor
Aug 21 02:26:32 ip-172-31-32-215 kernel: [    0.032000] Calibrating delay loop (skipped), value calculated using timer frequency.. 4800.15 BogoMIPS (lpj=9600304)
Aug 21 02:26:32 ip-172-31-32-215 kernel: [    0.048006] pid_max: default: 32768 minimum: 301
Aug 21 02:26:32 ip-172-31-32-215 kernel: [    0.068021] ACPI: Core revision 20160831
Aug 21 02:26:32 ip-172-31-32-215 kernel: [    0.081887] ACPI: 3 ACPI AML tables successfully acquired and loaded
Aug 21 02:26:32 ip-172-31-32-215 kernel: [    0.088037] Security Framework initialized
Aug 21 02:26:32 ip-172-31-32-215 kernel: [    0.096092] Dentry cache hash table entries: 131072 (order: 8, 1048576 bytes)
Aug 21 02:26:32 ip-172-31-32-215 kernel: [    0.104186] Inode-cache hash table entries: 65536 (order: 7, 524288 bytes)
Aug 21 02:26:32 ip-172-31-32-215 kernel: [    0.112097] Mount-cache hash table entries: 2048 (order: 2, 16384 bytes)
Aug 21 02:26:32 ip-172-31-32-215 kernel: [    0.116015] Mountpoint-cache hash table entries: 2048 (order: 2, 16384 bytes)
Aug 21 02:26:32 ip-172-31-32-215 kernel: [    0.140251] CPU: Physical Processor ID: 0
Aug 21 02:26:32 ip-172-31-32-215 kernel: [    0.148015] mce: CPU supports 2 MCE banks
Aug 21 02:26:32 ip-172-31-32-215 kernel: [    0.152028] Last level iTLB entries: 4KB 1024, 2MB 1024, 4MB 1024
Aug 21 02:26:32 ip-172-31-32-215 kernel: [    0.160005] Last level dTLB entries: 4KB 1024, 2MB 1024, 4MB 1024, 1GB 4
Aug 21 02:26:32 ip-172-31-32-215 kernel: [    0.184217] ftrace: allocating 21609 entries in 85 pages
Aug 21 02:26:32 ip-172-31-32-215 kernel: [    0.208103] smpboot: Max logical packages: 15
Aug 21 02:26:32 ip-172-31-32-215 kernel: [    0.212676] x2apic: IRQ remapping doesn't support X2APIC mode
Aug 21 02:26:32 ip-172-31-32-215 kernel: [    0.216008] Switched APIC routing to physical flat.
Aug 21 02:26:32 ip-172-31-32-215 kernel: [    0.222262] ..TIMER: vector=0x30 apic1=0 pin1=2 apic2=0 pin2=0
Aug 21 02:26:32 ip-172-31-32-215 kernel: [    0.267538] clocksource: xen: mask: 0xffffffffffffffff max_cycles: 0x1cd42e4dffb, max_idle_ns: 881590591483 ns
Aug 21 02:26:32 ip-172-31-32-215 kernel: [    0.276019] installing Xen timer for CPU 0
Aug 21 02:26:32 ip-172-31-32-215 kernel: [    0.280083] smpboot: CPU0: Intel(R) Xeon(R) CPU E5-2676 v3 @ 2.40GHz (family: 0x6, model: 0x3f, stepping: 0x2)
Aug 21 02:26:32 ip-172-31-32-215 kernel: [    0.290390] cpu 0 spinlock event irq 53
Aug 21 02:26:32 ip-172-31-32-215 kernel: [    0.292012] Performance Events: unsupported p6 CPU model 63 no PMU driver, software events only.
Aug 21 02:26:32 ip-172-31-32-215 kernel: [    0.300000] x86: Booted up 1 node, 1 CPUs
Aug 21 02:26:32 ip-172-31-32-215 kernel: [    0.300011] smpboot: Total of 1 processors activated (4800.15 BogoMIPS)
Aug 21 02:26:32 ip-172-31-32-215 kernel: [    0.304429] devtmpfs: initialized
Aug 21 02:26:32 ip-172-31-32-215 kernel: [    0.307342] x86/mm: Memory block size: 128MB
Aug 21 02:26:32 ip-172-31-32-215 kernel: [    0.309841] clocksource: jiffies: mask: 0xffffffff max_cycles: 0xffffffff, max_idle_ns: 7645041785100000 ns
Aug 21 02:26:32 ip-172-31-32-215 kernel: [    0.312029] futex hash table entries: 4096 (order: 6, 262144 bytes)
Aug 21 02:26:32 ip-172-31-32-215 kernel: [    0.316270] NET: Registered protocol family 16
Aug 21 02:26:32 ip-172-31-32-215 kernel: [    0.320201] cpuidle: using governor ladder
Aug 21 02:26:32 ip-172-31-32-215 kernel: [    0.324014] cpuidle: using governor menu
Aug 21 02:26:32 ip-172-31-32-215 kernel: [    0.327415] ACPI: bus type PCI registered
Aug 21 02:26:32 ip-172-31-32-215 kernel: [    0.328013] acpiphp: ACPI Hot Plug PCI Controller Driver version: 0.5
Aug 21 02:26:32 ip-172-31-32-215 kernel: [    0.332347] PCI: Using configuration type 1 for base access
Aug 21 02:26:32 ip-172-31-32-215 kernel: [    0.337938] HugeTLB registered 2 MB page size, pre-allocated 0 pages
Aug 21 02:26:32 ip-172-31-32-215 kernel: [    0.340231] ACPI: Added _OSI(Module Device)
Aug 21 02:26:32 ip-172-31-32-215 kernel: [    0.344024] ACPI: Added _OSI(Processor Device)
Aug 21 02:26:32 ip-172-31-32-215 kernel: [    0.348011] ACPI: Added _OSI(3.0 _SCP Extensions)
Aug 21 02:26:32 ip-172-31-32-215 kernel: [    0.352013] ACPI: Added _OSI(Processor Aggregator Device)
Aug 21 02:26:32 ip-172-31-32-215 kernel: [    0.358977] ACPI: Interpreter enabled
Aug 21 02:26:32 ip-172-31-32-215 kernel: [    0.360028] ACPI: (supports S0 S3 S5)
Aug 21 02:26:32 ip-172-31-32-215 kernel: [    0.364010] ACPI: Using IOAPIC for interrupt routing
Aug 21 02:26:32 ip-172-31-32-215 kernel: [    0.368054] PCI: Using host bridge windows from ACPI; if necessary, use "pci=nocrs" and report a bug
Aug 21 02:26:32 ip-172-31-32-215 kernel: [    0.555671] ACPI: PCI Root Bridge [PCI0] (domain 0000 [bus 00-ff])
Aug 21 02:26:32 ip-172-31-32-215 kernel: [    0.556026] acpi PNP0A03:00: _OSC: OS supports [Segments MSI]
Aug 21 02:26:32 ip-172-31-32-215 kernel: [    0.560029] acpi PNP0A03:00: _OSC failed (AE_NOT_FOUND); disabling ASPM
Aug 21 02:26:32 ip-172-31-32-215 kernel: [    0.564036] acpi PNP0A03:00: fail to add MMCONFIG information, can't access extended PCI configuration space under this bridge.
Aug 21 02:26:32 ip-172-31-32-215 kernel: [    0.569043] acpiphp: Slot [0] registered
Aug 21 02:26:32 ip-172-31-32-215 kernel: [    0.573730] acpiphp: Slot [3] registered
Aug 21 02:26:32 ip-172-31-32-215 kernel: [    0.576585] acpiphp: Slot [4] registered
Aug 21 02:26:32 ip-172-31-32-215 kernel: [    0.580601] acpiphp: Slot [5] registered
Aug 21 02:26:32 ip-172-31-32-215 kernel: [    0.584384] acpiphp: Slot [6] registered
Aug 21 02:26:32 ip-172-31-32-215 kernel: [    0.588361] acpiphp: Slot [7] registered
Aug 21 02:26:32 ip-172-31-32-215 kernel: [    0.592339] acpiphp: Slot [8] registered
Aug 21 02:26:32 ip-172-31-32-215 kernel: [    0.595992] acpiphp: Slot [9] registered
Aug 21 02:26:32 ip-172-31-32-215 kernel: [    0.596798] acpiphp: Slot [10] registered
Aug 21 02:26:32 ip-172-31-32-215 kernel: [    0.600442] acpiphp: Slot [11] registered
Aug 21 02:26:32 ip-172-31-32-215 kernel: [    0.604229] acpiphp: Slot [12] registered
Aug 21 02:26:32 ip-172-31-32-215 kernel: [    0.608354] acpiphp: Slot [13] registered
Aug 21 02:26:32 ip-172-31-32-215 kernel: [    0.611979] acpiphp: Slot [14] registered
Aug 21 02:26:32 ip-172-31-32-215 kernel: [    0.612339] acpiphp: Slot [15] registered
Aug 21 02:26:32 ip-172-31-32-215 kernel: [    0.616412] acpiphp: Slot [16] registered
Aug 21 02:26:32 ip-172-31-32-215 kernel: [    0.620000] acpiphp: Slot [17] registered
Aug 21 02:26:32 ip-172-31-32-215 kernel: [    0.620339] acpiphp: Slot [18] registered
Aug 21 02:26:32 ip-172-31-32-215 kernel: [    0.623941] acpiphp: Slot [19] registered
Aug 21 02:26:32 ip-172-31-32-215 kernel: [    0.624314] acpiphp: Slot [20] registered
Aug 21 02:26:32 ip-172-31-32-215 kernel: [    0.628005] acpiphp: Slot [21] registered
Aug 21 02:26:32 ip-172-31-32-215 kernel: [    0.631539] acpiphp: Slot [22] registered
Aug 21 02:26:32 ip-172-31-32-215 kernel: [    0.632368] acpiphp: Slot [23] registered
Aug 21 02:26:32 ip-172-31-32-215 kernel: [    0.636124] acpiphp: Slot [24] registered
Aug 21 02:26:32 ip-172-31-32-215 kernel: [    0.640061] acpiphp: Slot [25] registered
Aug 21 02:26:32 ip-172-31-32-215 kernel: [    0.644000] acpiphp: Slot [26] registered
Aug 21 02:26:32 ip-172-31-32-215 kernel: [    0.644336] acpiphp: Slot [27] registered
Aug 21 02:26:32 ip-172-31-32-215 kernel: [    0.650700] acpiphp: Slot [28] registered
Aug 21 02:26:32 ip-172-31-32-215 kernel: [    0.652341] acpiphp: Slot [29] registered
Aug 21 02:26:32 ip-172-31-32-215 kernel: [    0.656331] acpiphp: Slot [30] registered
Aug 21 02:26:32 ip-172-31-32-215 kernel: [    0.660332] acpiphp: Slot [31] registered
Aug 21 02:26:32 ip-172-31-32-215 kernel: [    0.664321] PCI host bridge to bus 0000:00
Aug 21 02:26:32 ip-172-31-32-215 kernel: [    0.668011] pci_bus 0000:00: root bus resource [io  0x0000-0x0cf7 window]
Aug 21 02:26:32 ip-172-31-32-215 kernel: [    0.672009] pci_bus 0000:00: root bus resource [io  0x0d00-0xffff window]
Aug 21 02:26:32 ip-172-31-32-215 kernel: [    0.676010] pci_bus 0000:00: root bus resource [mem 0x000a0000-0x000bffff window]
Aug 21 02:26:32 ip-172-31-32-215 kernel: [    0.680009] pci_bus 0000:00: root bus resource [mem 0xf0000000-0xfbffffff window]
Aug 21 02:26:32 ip-172-31-32-215 kernel: [    0.684013] pci_bus 0000:00: root bus resource [bus 00-ff]
Aug 21 02:26:32 ip-172-31-32-215 kernel: [    0.694172] pci 0000:00:01.1: legacy IDE quirk: reg 0x10: [io  0x01f0-0x01f7]
Aug 21 02:26:32 ip-172-31-32-215 kernel: [    0.696010] pci 0000:00:01.1: legacy IDE quirk: reg 0x14: [io  0x03f6]
Aug 21 02:26:32 ip-172-31-32-215 kernel: [    0.700013] pci 0000:00:01.1: legacy IDE quirk: reg 0x18: [io  0x0170-0x0177]
Aug 21 02:26:32 ip-172-31-32-215 kernel: [    0.704007] pci 0000:00:01.1: legacy IDE quirk: reg 0x1c: [io  0x0376]
Aug 21 02:26:32 ip-172-31-32-215 kernel: [    0.708918] * Found PM-Timer Bug on the chipset. Due to workarounds for a bug,
Aug 21 02:26:32 ip-172-31-32-215 kernel: [    0.708918] * this clock source is slow. Consider trying other clock sources
Aug 21 02:26:32 ip-172-31-32-215 kernel: [    0.713556] pci 0000:00:01.3: quirk: [io  0xb000-0xb03f] claimed by PIIX4 ACPI
Aug 21 02:26:32 ip-172-31-32-215 kernel: [    0.723414] ACPI: PCI Interrupt Link [LNKA] (IRQs *5 10 11)
Aug 21 02:26:32 ip-172-31-32-215 kernel: [    0.727912] ACPI: PCI Interrupt Link [LNKB] (IRQs 5 *10 11)
Aug 21 02:26:32 ip-172-31-32-215 kernel: [    0.732020] ACPI: PCI Interrupt Link [LNKC] (IRQs 5 10 *11)
Aug 21 02:26:32 ip-172-31-32-215 kernel: [    0.739018] ACPI: PCI Interrupt Link [LNKD] (IRQs *5 10 11)
Aug 21 02:26:32 ip-172-31-32-215 kernel: [    0.763831] ACPI: Enabled 2 GPEs in block 00 to 0F
Aug 21 02:26:32 ip-172-31-32-215 kernel: [    0.764215] xen:balloon: Initialising balloon driver
Aug 21 02:26:32 ip-172-31-32-215 kernel: [    0.776380] vgaarb: setting as boot device: PCI:0000:00:02.0
Aug 21 02:26:32 ip-172-31-32-215 kernel: [    0.780000] vgaarb: device added: PCI:0000:00:02.0,decodes=io+mem,owns=io+mem,locks=none
Aug 21 02:26:32 ip-172-31-32-215 kernel: [    0.780028] vgaarb: loaded
Aug 21 02:26:32 ip-172-31-32-215 kernel: [    0.782586] vgaarb: bridge control possible 0000:00:02.0
Aug 21 02:26:32 ip-172-31-32-215 kernel: [    0.784369] PCI: Using ACPI for IRQ routing
Aug 21 02:26:32 ip-172-31-32-215 kernel: [    0.788578] NetLabel: Initializing
Aug 21 02:26:32 ip-172-31-32-215 kernel: [    0.792009] NetLabel:  domain hash size = 128
Aug 21 02:26:32 ip-172-31-32-215 kernel: [    0.795157] NetLabel:  protocols = UNLABELED CIPSOv4
Aug 21 02:26:32 ip-172-31-32-215 kernel: [    0.796026] NetLabel:  unlabeled traffic allowed by default
Aug 21 02:26:32 ip-172-31-32-215 kernel: [    0.800008] random: fast init done
Aug 21 02:26:32 ip-172-31-32-215 kernel: [    0.802781] HPET: 3 timers in total, 0 timers will be used for per-cpu timer
Aug 21 02:26:32 ip-172-31-32-215 kernel: [    0.804022] hpet0: at MMIO 0xfed00000, IRQs 2, 8, 0
Aug 21 02:26:32 ip-172-31-32-215 kernel: [    0.809638] hpet0: 3 comparators, 64-bit 62.500000 MHz counter
Aug 21 02:26:32 ip-172-31-32-215 kernel: [    0.815204] clocksource: Switched to clocksource xen
Aug 21 02:26:32 ip-172-31-32-215 kernel: [    0.822593] VFS: Disk quotas dquot_6.6.0
Aug 21 02:26:32 ip-172-31-32-215 kernel: [    0.826890] VFS: Dquot-cache hash table entries: 512 (order 0, 4096 bytes)
Aug 21 02:26:32 ip-172-31-32-215 kernel: [    0.831741] pnp: PnP ACPI init
Aug 21 02:26:32 ip-172-31-32-215 kernel: [    0.834414] system 00:00: [mem 0x00000000-0x0009ffff] could not be reserved
Aug 21 02:26:32 ip-172-31-32-215 kernel: [    0.840118] system 00:01: [io  0x08a0-0x08a3] has been reserved
Aug 21 02:26:32 ip-172-31-32-215 kernel: [    0.844429] system 00:01: [io  0x0cc0-0x0ccf] has been reserved
Aug 21 02:26:32 ip-172-31-32-215 kernel: [    0.849118] system 00:01: [io  0x04d0-0x04d1] has been reserved
Aug 21 02:26:32 ip-172-31-32-215 kernel: [    0.855409] system 00:07: [io  0x10c0-0x1141] has been reserved
Aug 21 02:26:32 ip-172-31-32-215 kernel: [    0.859447] system 00:07: [io  0xb044-0xb047] has been reserved
Aug 21 02:26:32 ip-172-31-32-215 kernel: [    0.883606] pnp: PnP ACPI: found 8 devices
Aug 21 02:26:32 ip-172-31-32-215 kernel: [    0.894265] clocksource: acpi_pm: mask: 0xffffff max_cycles: 0xffffff, max_idle_ns: 2085701024 ns
Aug 21 02:26:32 ip-172-31-32-215 kernel: [    0.903569] NET: Registered protocol family 2
Aug 21 02:26:32 ip-172-31-32-215 kernel: [    0.907242] TCP established hash table entries: 8192 (order: 4, 65536 bytes)
Aug 21 02:26:32 ip-172-31-32-215 kernel: [    0.912534] TCP bind hash table entries: 8192 (order: 5, 131072 bytes)
Aug 21 02:26:32 ip-172-31-32-215 kernel: [    0.917308] TCP: Hash tables configured (established 8192 bind 8192)
Aug 21 02:26:32 ip-172-31-32-215 kernel: [    0.921803] UDP hash table entries: 512 (order: 2, 16384 bytes)
Aug 21 02:26:32 ip-172-31-32-215 kernel: [    0.925821] UDP-Lite hash table entries: 512 (order: 2, 16384 bytes)
Aug 21 02:26:32 ip-172-31-32-215 kernel: [    0.930443] NET: Registered protocol family 1
Aug 21 02:26:32 ip-172-31-32-215 kernel: [    0.936106] pci 0000:00:00.0: Limiting direct PCI/PCI transfers
Aug 21 02:26:32 ip-172-31-32-215 kernel: [    0.941459] pci 0000:00:01.0: PIIX3: Enabling Passive Release
Aug 21 02:26:32 ip-172-31-32-215 kernel: [    0.946141] pci 0000:00:01.0: Activating ISA DMA hang workarounds
Aug 21 02:26:32 ip-172-31-32-215 kernel: [    0.950957] pci 0000:00:02.0: Video device with shadowed ROM at [mem 0x000c0000-0x000dffff]
Aug 21 02:26:32 ip-172-31-32-215 kernel: [    0.958596] Unpacking initramfs...
Aug 21 02:26:32 ip-172-31-32-215 kernel: [    1.163517] Freeing initrd memory: 14176K
Aug 21 02:26:32 ip-172-31-32-215 kernel: [    1.168094] audit: initializing netlink subsys (disabled)
Aug 21 02:26:32 ip-172-31-32-215 kernel: [    1.172942] audit: type=2000 audit(1503282387.110:1): initialized
Aug 21 02:26:32 ip-172-31-32-215 kernel: [    1.177898] Initialise system trusted keyrings
Aug 21 02:26:32 ip-172-31-32-215 kernel: [    1.182082] workingset: timestamp_bits=36 max_order=18 bucket_order=0
Aug 21 02:26:32 ip-172-31-32-215 kernel: [    1.225273] Key type asymmetric registered
Aug 21 02:26:32 ip-172-31-32-215 kernel: [    1.229170] Asymmetric key parser 'x509' registered
Aug 21 02:26:32 ip-172-31-32-215 kernel: [    1.233559] Block layer SCSI generic (bsg) driver version 0.4 loaded (major 254)
Aug 21 02:26:32 ip-172-31-32-215 kernel: [    1.239626] io scheduler noop registered (default)
Aug 21 02:26:32 ip-172-31-32-215 kernel: [    1.243924] pci_hotplug: PCI Hot Plug PCI Core version: 0.5
Aug 21 02:26:32 ip-172-31-32-215 kernel: [    1.251610] xen:grant_table: Grant tables using version 1 layout
Aug 21 02:26:32 ip-172-31-32-215 kernel: [    1.262242] Grant table initialized
Aug 21 02:26:32 ip-172-31-32-215 kernel: [    1.266977] Cannot get hvm parameter CONSOLE_EVTCHN (18): -22!
Aug 21 02:26:32 ip-172-31-32-215 kernel: [    1.272274] Serial: 8250/16550 driver, 4 ports, IRQ sharing disabled
Aug 21 02:26:32 ip-172-31-32-215 kernel: [    1.306722] 00:06: ttyS0 at I/O 0x3f8 (irq = 4, base_baud = 115200) is a 16550A
Aug 21 02:26:32 ip-172-31-32-215 kernel: [    1.313343] xen_netfront: Initialising Xen virtual ethernet driver
Aug 21 02:26:32 ip-172-31-32-215 kernel: [    1.320021] i8042: PNP: PS/2 Controller [PNP0303:PS2K,PNP0f13:PS2M] at 0x60,0x64 irq 1,12
Aug 21 02:26:32 ip-172-31-32-215 kernel: [    1.328625] serio: i8042 KBD port at 0x60,0x64 irq 1
Aug 21 02:26:32 ip-172-31-32-215 kernel: [    1.332370] serio: i8042 AUX port at 0x60,0x64 irq 12
Aug 21 02:26:32 ip-172-31-32-215 kernel: [    1.336176] hidraw: raw HID events driver (C) Jiri Kosina
